[2026-05-15 09:31:33 INF]  GymAffiliate API lista. Swagger: https://localhost:xxxx/
[2026-05-15 09:31:33 INF] Microsoft.AspNetCore.DataProtection.KeyManagement.XmlKeyManager User profile is available. Using 'C:\Users\Miguel Angel\AppData\Local\ASP.NET\DataProtection-Keys' as key repository and Windows DPAPI to encrypt keys at rest.
[2026-05-15 09:31:34 INF] Microsoft.Hosting.Lifetime Now listening on: https://localhost:7001
[2026-05-15 09:31:34 INF] Microsoft.Hosting.Lifetime Now listening on: http://localhost:5001
[2026-05-15 09:31:34 INF] Microsoft.Hosting.Lifetime Application started. Press Ctrl+C to shut down.
[2026-05-15 09:31:34 INF] Microsoft.Hosting.Lifetime Hosting environment: Development
[2026-05-15 09:31:34 INF] Microsoft.Hosting.Lifetime Content root path: C:\Users\Miguel Angel\Documents\DesarrollosC#\GymAffiliate_API\GymAffiliate\src\Api
[2026-05-15 09:31:40 INF] Microsoft.AspNetCore.Hosting.Diagnostics Request starting HTTP/2 GET https://localhost:7001/index.html - null null
[2026-05-15 09:31:41 INF] Microsoft.AspNetCore.Hosting.Diagnostics Request finished HTTP/2 GET https://localhost:7001/index.html - 200 null text/html;charset=utf-8 520.4731ms
[2026-05-15 09:31:41 INF] Microsoft.AspNetCore.Hosting.Diagnostics Request starting HTTP/2 GET https://localhost:7001/_vs/browserLink - null null
[2026-05-15 09:31:41 INF] Microsoft.AspNetCore.Hosting.Diagnostics Request starting HTTP/2 GET https://localhost:7001/_framework/aspnetcore-browser-refresh.js - null null
[2026-05-15 09:31:41 INF] Microsoft.AspNetCore.Hosting.Diagnostics Request finished HTTP/2 GET https://localhost:7001/_framework/aspnetcore-browser-refresh.js - 200 16517 application/javascript; charset=utf-8 58.4449ms
[2026-05-15 09:31:41 INF] Microsoft.AspNetCore.Hosting.Diagnostics Request finished HTTP/2 GET https://localhost:7001/_vs/browserLink - 200 null text/javascript; charset=UTF-8 358.9996ms
[2026-05-15 09:31:42 INF] Microsoft.AspNetCore.Hosting.Diagnostics Request starting HTTP/2 GET https://localhost:7001/swagger/v1/swagger.json - null null
[2026-05-15 09:31:42 INF] Microsoft.AspNetCore.Hosting.Diagnostics Request starting HTTP/2 GET https://localhost:7001/favicon-32x32.png - null null
[2026-05-15 09:31:42 INF] Microsoft.AspNetCore.Hosting.Diagnostics Request finished HTTP/2 GET https://localhost:7001/swagger/v1/swagger.json - 200 null application/json;charset=utf-8 84.8092ms
[2026-05-15 09:31:42 INF] Microsoft.AspNetCore.StaticFiles.StaticFileMiddleware Sending file. Request path: '/favicon-32x32.png'. Physical path: 'N/A'
[2026-05-15 09:31:42 INF] Microsoft.AspNetCore.Hosting.Diagnostics Request finished HTTP/2 GET https://localhost:7001/favicon-32x32.png - 200 628 image/png 69.3894ms
[2026-05-15 09:32:07 INF] Microsoft.AspNetCore.Hosting.Diagnostics Request starting HTTP/2 GET https://localhost:7001/api/acceso/validar?affiliateId=2 - null null
[2026-05-15 09:32:07 INF] Microsoft.AspNetCore.Routing.EndpointMiddleware Executing endpoint 'GymAffiliate.Api.Controllers.AccesoController.Validar (GymAffiliate.Api)'
[2026-05-15 09:32:07 INF] Microsoft.AspNetCore.Mvc.Infrastructure.ControllerActionInvoker Route matched with {action = "Validar", controller = "Acceso"}. Executing controller action with signature System.Threading.Tasks.Task`1[Microsoft.AspNetCore.Mvc.IActionResult] Validar(Int32, System.Threading.CancellationToken) on controller GymAffiliate.Api.Controllers.AccesoController (GymAffiliate.Api).
[2026-05-15 09:32:07 WRN] LuckyPennySoftware.AutoMapper.License You do not have a valid license key for the Lucky Penny software AutoMapper. This is allowed for development and testing scenarios. If you are running in production you are required to have a licensed version. Please visit https://luckypennysoftware.com to obtain a valid license.
[2026-05-15 09:32:08 INF] Microsoft.AspNetCore.Mvc.Infrastructure.ControllerActionInvoker Executing action method GymAffiliate.Api.Controllers.AccesoController.Validar (GymAffiliate.Api) - Validation state: "Valid"
[2026-05-15 09:32:09 INF] Microsoft.AspNetCore.Mvc.Infrastructure.ControllerActionInvoker Executed action method GymAffiliate.Api.Controllers.AccesoController.Validar (GymAffiliate.Api), returned result Microsoft.AspNetCore.Mvc.OkObjectResult in 1166.1604ms.
[2026-05-15 09:32:09 INF] Microsoft.AspNetCore.Mvc.Infrastructure.ObjectResultExecutor Executing OkObjectResult, writing value of type 'GymAffiliate.Shared.Result.ApiResponse`1[[GymAffiliate.Application.DTOs.Responses.ValidacionAccesoResponse, GymAffiliate.Application, Version=1.0.0.0, Culture=neutral, PublicKeyToken=null]]'.
[2026-05-15 09:32:09 INF] Microsoft.AspNetCore.Mvc.Infrastructure.ControllerActionInvoker Executed action GymAffiliate.Api.Controllers.AccesoController.Validar (GymAffiliate.Api) in 1537.2399ms
[2026-05-15 09:32:09 INF] Microsoft.AspNetCore.Routing.EndpointMiddleware Executed endpoint 'GymAffiliate.Api.Controllers.AccesoController.Validar (GymAffiliate.Api)'
[2026-05-15 09:32:09 INF] Serilog.AspNetCore.RequestLoggingMiddleware HTTP GET /api/acceso/validar → 200 (1601.6ms)
[2026-05-15 09:32:09 INF] Microsoft.AspNetCore.Hosting.Diagnostics Request finished HTTP/2 GET https://localhost:7001/api/acceso/validar?affiliateId=2 - 200 null application/json; charset=utf-8 1632.4182ms
[2026-05-15 09:32:19 INF] Microsoft.AspNetCore.Hosting.Diagnostics Request starting HTTP/2 GET https://localhost:7001/health - null null
[2026-05-15 09:32:19 INF] Microsoft.AspNetCore.Routing.EndpointMiddleware Executing endpoint 'HTTP: GET /health'
[2026-05-15 09:32:19 INF] Microsoft.AspNetCore.Http.Result.OkObjectResult Setting HTTP status code 200.
[2026-05-15 09:32:19 INF] Microsoft.AspNetCore.Http.Result.OkObjectResult Writing value of type '<>f__AnonymousType2`2' as Json.
[2026-05-15 09:32:19 INF] Microsoft.AspNetCore.Routing.EndpointMiddleware Executed endpoint 'HTTP: GET /health'
[2026-05-15 09:32:19 INF] Serilog.AspNetCore.RequestLoggingMiddleware HTTP GET /health → 200 (35.6ms)
[2026-05-15 09:32:19 INF] Microsoft.AspNetCore.Hosting.Diagnostics Request finished HTTP/2 GET https://localhost:7001/health - 200 null application/json; charset=utf-8 43.6436ms
