[2026-06-12 08:56:02 INF]  GymAffiliate API lista. Swagger: https://localhost:xxxx/
[2026-06-12 08:56:02 INF] Microsoft.AspNetCore.DataProtection.KeyManagement.XmlKeyManager User profile is available. Using 'C:\Users\Miguel Angel\AppData\Local\ASP.NET\DataProtection-Keys' as key repository and Windows DPAPI to encrypt keys at rest.
[2026-06-12 08:56:03 INF] Microsoft.Hosting.Lifetime Now listening on: https://localhost:7001
[2026-06-12 08:56:03 INF] Microsoft.Hosting.Lifetime Now listening on: http://localhost:5001
[2026-06-12 08:56:03 INF] Microsoft.Hosting.Lifetime Application started. Press Ctrl+C to shut down.
[2026-06-12 08:56:03 INF] Microsoft.Hosting.Lifetime Hosting environment: Development
[2026-06-12 08:56:03 INF] Microsoft.Hosting.Lifetime Content root path: C:\Users\Miguel Angel\Documents\DesarrollosC#\GymAffiliate_API\GymAffiliate\src\Api
[2026-06-12 08:56:04 INF] Microsoft.AspNetCore.Hosting.Diagnostics Request starting HTTP/2 GET https://localhost:7001/index.html - null null
[2026-06-12 08:56:05 INF] Microsoft.AspNetCore.Hosting.Diagnostics Request finished HTTP/2 GET https://localhost:7001/index.html - 200 null text/html;charset=utf-8 364.9519ms
[2026-06-12 08:56:05 INF] Microsoft.AspNetCore.Hosting.Diagnostics Request starting HTTP/2 GET https://localhost:7001/_framework/aspnetcore-browser-refresh.js - null null
[2026-06-12 08:56:05 INF] Microsoft.AspNetCore.Hosting.Diagnostics Request starting HTTP/2 GET https://localhost:7001/_vs/browserLink - null null
[2026-06-12 08:56:05 INF] Microsoft.AspNetCore.Hosting.Diagnostics Request finished HTTP/2 GET https://localhost:7001/_framework/aspnetcore-browser-refresh.js - 200 16517 application/javascript; charset=utf-8 38.3082ms
[2026-06-12 08:56:05 INF] Microsoft.AspNetCore.Hosting.Diagnostics Request finished HTTP/2 GET https://localhost:7001/_vs/browserLink - 200 null text/javascript; charset=UTF-8 116.0367ms
[2026-06-12 08:56:05 INF] Microsoft.AspNetCore.Hosting.Diagnostics Request starting HTTP/2 GET https://localhost:7001/swagger/v1/swagger.json - null null
[2026-06-12 08:56:05 INF] Microsoft.AspNetCore.Hosting.Diagnostics Request starting HTTP/2 GET https://localhost:7001/favicon-32x32.png - null null
[2026-06-12 08:56:05 INF] Microsoft.AspNetCore.Hosting.Diagnostics Request finished HTTP/2 GET https://localhost:7001/swagger/v1/swagger.json - 200 null application/json;charset=utf-8 90.0306ms
[2026-06-12 08:56:05 INF] Microsoft.AspNetCore.StaticFiles.StaticFileMiddleware Sending file. Request path: '/favicon-32x32.png'. Physical path: 'N/A'
[2026-06-12 08:56:05 INF] Microsoft.AspNetCore.Hosting.Diagnostics Request finished HTTP/2 GET https://localhost:7001/favicon-32x32.png - 200 628 image/png 83.359ms
[2026-06-12 08:56:16 INF] Microsoft.AspNetCore.Hosting.Diagnostics Request starting HTTP/2 GET https://localhost:7001/api/afiliados/1 - null null
[2026-06-12 08:56:16 INF] Microsoft.AspNetCore.Routing.EndpointMiddleware Executing endpoint 'GymAffiliate.Api.Controllers.AfiliadosController.ObtenerPorId (GymAffiliate.Api)'
[2026-06-12 08:56:16 INF] Microsoft.AspNetCore.Mvc.Infrastructure.ControllerActionInvoker Route matched with {action = "ObtenerPorId", controller = "Afiliados"}. Executing controller action with signature System.Threading.Tasks.Task`1[Microsoft.AspNetCore.Mvc.IActionResult] ObtenerPorId(Int32, System.Threading.CancellationToken) on controller GymAffiliate.Api.Controllers.AfiliadosController (GymAffiliate.Api).
[2026-06-12 08:56:16 WRN] LuckyPennySoftware.AutoMapper.License You do not have a valid license key for the Lucky Penny software AutoMapper. This is allowed for development and testing scenarios. If you are running in production you are required to have a licensed version. Please visit https://luckypennysoftware.com to obtain a valid license.
[2026-06-12 08:56:16 INF] Microsoft.AspNetCore.Mvc.Infrastructure.ControllerActionInvoker Executing action method GymAffiliate.Api.Controllers.AfiliadosController.ObtenerPorId (GymAffiliate.Api) - Validation state: "Valid"
[2026-06-12 08:56:41 INF] Microsoft.AspNetCore.Mvc.Infrastructure.ControllerActionInvoker Executed action method GymAffiliate.Api.Controllers.AfiliadosController.ObtenerPorId (GymAffiliate.Api), returned result Microsoft.AspNetCore.Mvc.OkObjectResult in 24340.0189ms.
[2026-06-12 08:56:41 INF] Microsoft.AspNetCore.Mvc.Infrastructure.ObjectResultExecutor Executing OkObjectResult, writing value of type 'GymAffiliate.Shared.Result.ApiResponse`1[[GymAffiliate.Application.DTOs.Responses.AfiliadoResponse, GymAffiliate.Application, Version=1.0.0.0, Culture=neutral, PublicKeyToken=null]]'.
[2026-06-12 08:56:41 INF] Microsoft.AspNetCore.Mvc.Infrastructure.ControllerActionInvoker Executed action GymAffiliate.Api.Controllers.AfiliadosController.ObtenerPorId (GymAffiliate.Api) in 24885.8559ms
[2026-06-12 08:56:41 INF] Microsoft.AspNetCore.Routing.EndpointMiddleware Executed endpoint 'GymAffiliate.Api.Controllers.AfiliadosController.ObtenerPorId (GymAffiliate.Api)'
[2026-06-12 08:56:41 INF] Serilog.AspNetCore.RequestLoggingMiddleware HTTP GET /api/afiliados/1 → 200 (24990.4ms)
[2026-06-12 08:56:41 INF] Microsoft.AspNetCore.Hosting.Diagnostics Request finished HTTP/2 GET https://localhost:7001/api/afiliados/1 - 200 null application/json; charset=utf-8 25021.4467ms
