[2026-07-06 09:50:28 INF]  GymAffiliate API lista. Swagger: https://localhost:xxxx/
[2026-07-06 09:50:28 INF] Microsoft.AspNetCore.DataProtection.KeyManagement.XmlKeyManager User profile is available. Using 'C:\Users\Miguel Angel\AppData\Local\ASP.NET\DataProtection-Keys' as key repository and Windows DPAPI to encrypt keys at rest.
[2026-07-06 09:50:29 INF] Microsoft.Hosting.Lifetime Now listening on: https://localhost:7001
[2026-07-06 09:50:29 INF] Microsoft.Hosting.Lifetime Now listening on: http://localhost:5001
[2026-07-06 09:50:29 INF] Microsoft.Hosting.Lifetime Application started. Press Ctrl+C to shut down.
[2026-07-06 09:50:29 INF] Microsoft.Hosting.Lifetime Hosting environment: Development
[2026-07-06 09:50:29 INF] Microsoft.Hosting.Lifetime Content root path: C:\Users\Miguel Angel\Documents\DesarrollosC#\GymAffiliate_API\GymAffiliate\src\Api
[2026-07-06 09:50:34 INF] Microsoft.AspNetCore.Hosting.Diagnostics Request starting HTTP/2 GET https://localhost:7001/ - null null
[2026-07-06 09:50:35 INF] Microsoft.AspNetCore.Hosting.Diagnostics Request finished HTTP/2 GET https://localhost:7001/ - 301 0 null 1322.9603ms
[2026-07-06 09:50:35 INF] Microsoft.AspNetCore.Hosting.Diagnostics Request starting HTTP/2 GET https://localhost:7001/index.html - null null
[2026-07-06 09:50:35 INF] Microsoft.AspNetCore.Hosting.Diagnostics Request finished HTTP/2 GET https://localhost:7001/index.html - 200 null text/html;charset=utf-8 216.511ms
[2026-07-06 09:50:35 INF] Microsoft.AspNetCore.Hosting.Diagnostics Request starting HTTP/2 GET https://localhost:7001/swagger-ui-bundle.js - null null
[2026-07-06 09:50:35 INF] Microsoft.AspNetCore.Hosting.Diagnostics Request starting HTTP/2 GET https://localhost:7001/_framework/aspnetcore-browser-refresh.js - null null
[2026-07-06 09:50:35 INF] Microsoft.AspNetCore.Hosting.Diagnostics Request starting HTTP/2 GET https://localhost:7001/_vs/browserLink - null null
[2026-07-06 09:50:35 INF] Microsoft.AspNetCore.Hosting.Diagnostics Request starting HTTP/2 GET https://localhost:7001/swagger-ui.css - null null
[2026-07-06 09:50:35 INF] Microsoft.AspNetCore.Hosting.Diagnostics Request finished HTTP/2 GET https://localhost:7001/_framework/aspnetcore-browser-refresh.js - 200 16517 application/javascript; charset=utf-8 65.4477ms
[2026-07-06 09:50:35 INF] Microsoft.AspNetCore.Hosting.Diagnostics Request starting HTTP/2 GET https://localhost:7001/swagger-ui-standalone-preset.js - null null
[2026-07-06 09:50:35 INF] Microsoft.AspNetCore.StaticFiles.StaticFileMiddleware Sending file. Request path: '/swagger-ui.css'. Physical path: 'N/A'
[2026-07-06 09:50:35 INF] Microsoft.AspNetCore.StaticFiles.StaticFileMiddleware Sending file. Request path: '/swagger-ui-standalone-preset.js'. Physical path: 'N/A'
[2026-07-06 09:50:35 INF] Microsoft.AspNetCore.Hosting.Diagnostics Request finished HTTP/2 GET https://localhost:7001/swagger-ui.css - 200 152034 text/css 170.1902ms
[2026-07-06 09:50:35 INF] Microsoft.AspNetCore.Hosting.Diagnostics Request finished HTTP/2 GET https://localhost:7001/swagger-ui-standalone-preset.js - 200 230280 text/javascript 175.5173ms
[2026-07-06 09:50:35 INF] Microsoft.AspNetCore.StaticFiles.StaticFileMiddleware Sending file. Request path: '/swagger-ui-bundle.js'. Physical path: 'N/A'
[2026-07-06 09:50:36 INF] Microsoft.AspNetCore.Hosting.Diagnostics Request finished HTTP/2 GET https://localhost:7001/swagger-ui-bundle.js - 200 1456926 text/javascript 230.6392ms
[2026-07-06 09:50:37 INF] Microsoft.AspNetCore.Hosting.Diagnostics Request finished HTTP/2 GET https://localhost:7001/_vs/browserLink - 200 null text/javascript; charset=UTF-8 1706.4631ms
[2026-07-06 09:50:37 INF] Microsoft.AspNetCore.Hosting.Diagnostics Request starting HTTP/2 GET https://localhost:7001/swagger/v1/swagger.json - null null
[2026-07-06 09:50:37 INF] Microsoft.AspNetCore.Hosting.Diagnostics Request finished HTTP/2 GET https://localhost:7001/swagger/v1/swagger.json - 200 null application/json;charset=utf-8 54.124ms
[2026-07-06 09:54:30 INF] Microsoft.AspNetCore.Hosting.Diagnostics Request starting HTTP/2 POST https://localhost:7001/api/auth/login - application/json 70
[2026-07-06 09:54:30 INF] Microsoft.AspNetCore.Cors.Infrastructure.CorsService CORS policy execution successful.
[2026-07-06 09:54:30 INF] Microsoft.AspNetCore.Routing.EndpointMiddleware Executing endpoint 'GymAffiliate.Api.Controllers.AuthController.Login (GymAffiliate.Api)'
[2026-07-06 09:54:30 INF] Microsoft.AspNetCore.Mvc.Infrastructure.ControllerActionInvoker Route matched with {action = "Login", controller = "Auth"}. Executing controller action with signature System.Threading.Tasks.Task`1[Microsoft.AspNetCore.Mvc.IActionResult] Login(GymAffiliate.Application.DTOs.Requests.LoginRequest, System.Threading.CancellationToken) on controller GymAffiliate.Api.Controllers.AuthController (GymAffiliate.Api).
[2026-07-06 09:54:31 INF] Microsoft.AspNetCore.Mvc.Infrastructure.ControllerActionInvoker Executing action method GymAffiliate.Api.Controllers.AuthController.Login (GymAffiliate.Api) - Validation state: "Valid"
[2026-07-06 09:54:31 INF] Microsoft.AspNetCore.Mvc.Infrastructure.ControllerActionInvoker Executed action method GymAffiliate.Api.Controllers.AuthController.Login (GymAffiliate.Api), returned result Microsoft.AspNetCore.Mvc.ObjectResult in 32.8838ms.
[2026-07-06 09:54:31 INF] Microsoft.AspNetCore.Mvc.Infrastructure.ObjectResultExecutor Executing ObjectResult, writing value of type 'GymAffiliate.Shared.Result.ApiResponse`1[[GymAffiliate.Application.DTOs.Responses.LoginResponse, GymAffiliate.Application, Version=1.0.0.0, Culture=neutral, PublicKeyToken=null]]'.
[2026-07-06 09:54:31 INF] Microsoft.AspNetCore.Mvc.Infrastructure.ControllerActionInvoker Executed action GymAffiliate.Api.Controllers.AuthController.Login (GymAffiliate.Api) in 388.2086ms
[2026-07-06 09:54:31 INF] Microsoft.AspNetCore.Routing.EndpointMiddleware Executed endpoint 'GymAffiliate.Api.Controllers.AuthController.Login (GymAffiliate.Api)'
[2026-07-06 09:54:31 INF] Serilog.AspNetCore.RequestLoggingMiddleware HTTP POST /api/auth/login → 422 (559.3ms)
[2026-07-06 09:54:31 INF] Microsoft.AspNetCore.Hosting.Diagnostics Request finished HTTP/2 POST https://localhost:7001/api/auth/login - 422 null application/json; charset=utf-8 633.4646ms
[2026-07-06 09:57:13 INF] Microsoft.AspNetCore.Hosting.Diagnostics Request starting HTTP/2 POST https://localhost:7001/api/auth/login - application/json 71
[2026-07-06 09:57:13 INF] Microsoft.AspNetCore.Cors.Infrastructure.CorsService CORS policy execution successful.
[2026-07-06 09:57:13 INF] Microsoft.AspNetCore.Routing.EndpointMiddleware Executing endpoint 'GymAffiliate.Api.Controllers.AuthController.Login (GymAffiliate.Api)'
[2026-07-06 09:57:13 INF] Microsoft.AspNetCore.Mvc.Infrastructure.ControllerActionInvoker Route matched with {action = "Login", controller = "Auth"}. Executing controller action with signature System.Threading.Tasks.Task`1[Microsoft.AspNetCore.Mvc.IActionResult] Login(GymAffiliate.Application.DTOs.Requests.LoginRequest, System.Threading.CancellationToken) on controller GymAffiliate.Api.Controllers.AuthController (GymAffiliate.Api).
[2026-07-06 09:57:13 INF] Microsoft.AspNetCore.Mvc.Infrastructure.ObjectResultExecutor Executing BadRequestObjectResult, writing value of type 'Microsoft.AspNetCore.Mvc.ValidationProblemDetails'.
[2026-07-06 09:57:13 INF] Microsoft.AspNetCore.Mvc.Infrastructure.ControllerActionInvoker Executed action GymAffiliate.Api.Controllers.AuthController.Login (GymAffiliate.Api) in 57.8783ms
[2026-07-06 09:57:13 INF] Microsoft.AspNetCore.Routing.EndpointMiddleware Executed endpoint 'GymAffiliate.Api.Controllers.AuthController.Login (GymAffiliate.Api)'
[2026-07-06 09:57:13 INF] Serilog.AspNetCore.RequestLoggingMiddleware HTTP POST /api/auth/login → 400 (69.6ms)
[2026-07-06 09:57:13 INF] Microsoft.AspNetCore.Hosting.Diagnostics Request finished HTTP/2 POST https://localhost:7001/api/auth/login - 400 null application/problem+json; charset=utf-8 92.0143ms
[2026-07-06 09:57:34 INF] Microsoft.AspNetCore.Hosting.Diagnostics Request starting HTTP/2 GET https://localhost:7001/api/auth/usuarios - null null
[2026-07-06 09:57:34 INF] Microsoft.AspNetCore.Authorization.DefaultAuthorizationService Authorization failed. These requirements were not met:
RolesAuthorizationRequirement:User.IsInRole must be true for one of the following roles: (SUPERADMIN|ADMIN)
[2026-07-06 09:57:34 INF] Microsoft.AspNetCore.Authentication.JwtBearer.JwtBearerHandler AuthenticationScheme: Bearer was challenged.
[2026-07-06 09:57:34 INF] Serilog.AspNetCore.RequestLoggingMiddleware HTTP GET /api/auth/usuarios → 401 (33.9ms)
[2026-07-06 09:57:34 INF] Microsoft.AspNetCore.Hosting.Diagnostics Request finished HTTP/2 GET https://localhost:7001/api/auth/usuarios - 401 null application/json 51.2756ms
[2026-07-06 09:57:56 INF] Microsoft.AspNetCore.Hosting.Diagnostics Request starting HTTP/2 GET https://localhost:7001/api/auth/usuarios?RoleId=3&BranchId=1 - null null
[2026-07-06 09:57:56 INF] Microsoft.AspNetCore.Authorization.DefaultAuthorizationService Authorization failed. These requirements were not met:
RolesAuthorizationRequirement:User.IsInRole must be true for one of the following roles: (SUPERADMIN|ADMIN)
[2026-07-06 09:57:56 INF] Microsoft.AspNetCore.Authentication.JwtBearer.JwtBearerHandler AuthenticationScheme: Bearer was challenged.
[2026-07-06 09:57:56 INF] Serilog.AspNetCore.RequestLoggingMiddleware HTTP GET /api/auth/usuarios → 401 (9.9ms)
[2026-07-06 09:57:56 INF] Microsoft.AspNetCore.Hosting.Diagnostics Request finished HTTP/2 GET https://localhost:7001/api/auth/usuarios?RoleId=3&BranchId=1 - 401 null application/json 22.605ms
[2026-07-06 09:59:06 INF] Microsoft.AspNetCore.Hosting.Diagnostics Request starting HTTP/2 GET https://localhost:7001/api/auth/usuarios/1 - null null
[2026-07-06 09:59:06 INF] Microsoft.AspNetCore.Authorization.DefaultAuthorizationService Authorization failed. These requirements were not met:
RolesAuthorizationRequirement:User.IsInRole must be true for one of the following roles: (SUPERADMIN|ADMIN)
[2026-07-06 09:59:06 INF] Microsoft.AspNetCore.Authentication.JwtBearer.JwtBearerHandler AuthenticationScheme: Bearer was challenged.
[2026-07-06 09:59:06 INF] Serilog.AspNetCore.RequestLoggingMiddleware HTTP GET /api/auth/usuarios/1 → 401 (42.2ms)
[2026-07-06 09:59:06 INF] Microsoft.AspNetCore.Hosting.Diagnostics Request finished HTTP/2 GET https://localhost:7001/api/auth/usuarios/1 - 401 null application/json 66.3873ms
[2026-07-06 09:59:44 INF] Microsoft.AspNetCore.Hosting.Diagnostics Request starting HTTP/2 GET https://localhost:7001/health - null null
[2026-07-06 09:59:44 INF] Microsoft.AspNetCore.Routing.EndpointMiddleware Executing endpoint 'HTTP: GET /health'
[2026-07-06 09:59:44 INF] Microsoft.AspNetCore.Http.Result.OkObjectResult Setting HTTP status code 200.
[2026-07-06 09:59:44 INF] Microsoft.AspNetCore.Http.Result.OkObjectResult Writing value of type '<>f__AnonymousType4`2' as Json.
[2026-07-06 09:59:44 INF] Microsoft.AspNetCore.Routing.EndpointMiddleware Executed endpoint 'HTTP: GET /health'
[2026-07-06 09:59:44 INF] Serilog.AspNetCore.RequestLoggingMiddleware HTTP GET /health → 200 (40.8ms)
[2026-07-06 09:59:44 INF] Microsoft.AspNetCore.Hosting.Diagnostics Request finished HTTP/2 GET https://localhost:7001/health - 200 null application/json; charset=utf-8 66.5212ms
[2026-07-06 10:00:20 INF] Microsoft.AspNetCore.Hosting.Diagnostics Request starting HTTP/2 GET https://localhost:7001/api/afiliados/1 - null null
[2026-07-06 10:00:20 INF] Microsoft.AspNetCore.Routing.EndpointMiddleware Executing endpoint 'GymAffiliate.Api.Controllers.AfiliadosController.ObtenerPorId (GymAffiliate.Api)'
[2026-07-06 10:00:20 INF] Microsoft.AspNetCore.Mvc.Infrastructure.ControllerActionInvoker Route matched with {action = "ObtenerPorId", controller = "Afiliados"}. Executing controller action with signature System.Threading.Tasks.Task`1[Microsoft.AspNetCore.Mvc.IActionResult] ObtenerPorId(Int32, System.Threading.CancellationToken) on controller GymAffiliate.Api.Controllers.AfiliadosController (GymAffiliate.Api).
[2026-07-06 10:00:20 WRN] LuckyPennySoftware.AutoMapper.License You do not have a valid license key for the Lucky Penny software AutoMapper. This is allowed for development and testing scenarios. If you are running in production you are required to have a licensed version. Please visit https://luckypennysoftware.com to obtain a valid license.
[2026-07-06 10:00:20 INF] Microsoft.AspNetCore.Mvc.Infrastructure.ControllerActionInvoker Executing action method GymAffiliate.Api.Controllers.AfiliadosController.ObtenerPorId (GymAffiliate.Api) - Validation state: "Valid"
[2026-07-06 10:00:57 INF] Microsoft.AspNetCore.Mvc.Infrastructure.ControllerActionInvoker Executed action method GymAffiliate.Api.Controllers.AfiliadosController.ObtenerPorId (GymAffiliate.Api), returned result Microsoft.AspNetCore.Mvc.OkObjectResult in 36923.2078ms.
[2026-07-06 10:00:57 INF] Microsoft.AspNetCore.Mvc.Infrastructure.ObjectResultExecutor Executing OkObjectResult, writing value of type 'GymAffiliate.Shared.Result.ApiResponse`1[[GymAffiliate.Application.DTOs.Responses.AfiliadoResponse, GymAffiliate.Application, Version=1.0.0.0, Culture=neutral, PublicKeyToken=null]]'.
[2026-07-06 10:00:57 INF] Microsoft.AspNetCore.Mvc.Infrastructure.ControllerActionInvoker Executed action GymAffiliate.Api.Controllers.AfiliadosController.ObtenerPorId (GymAffiliate.Api) in 37200.2582ms
[2026-07-06 10:00:57 INF] Microsoft.AspNetCore.Routing.EndpointMiddleware Executed endpoint 'GymAffiliate.Api.Controllers.AfiliadosController.ObtenerPorId (GymAffiliate.Api)'
[2026-07-06 10:00:57 INF] Serilog.AspNetCore.RequestLoggingMiddleware HTTP GET /api/afiliados/1 → 200 (37226.3ms)
[2026-07-06 10:00:57 INF] Microsoft.AspNetCore.Hosting.Diagnostics Request finished HTTP/2 GET https://localhost:7001/api/afiliados/1 - 200 null application/json; charset=utf-8 37237.492ms
[2026-07-06 10:02:37 INF] Microsoft.AspNetCore.Hosting.Diagnostics Request starting HTTP/2 GET https://localhost:7001/api/auth/usuarios/2 - null null
[2026-07-06 10:02:37 INF] Microsoft.AspNetCore.Authorization.DefaultAuthorizationService Authorization failed. These requirements were not met:
RolesAuthorizationRequirement:User.IsInRole must be true for one of the following roles: (SUPERADMIN|ADMIN)
[2026-07-06 10:02:37 INF] Microsoft.AspNetCore.Authentication.JwtBearer.JwtBearerHandler AuthenticationScheme: Bearer was challenged.
[2026-07-06 10:02:37 INF] Serilog.AspNetCore.RequestLoggingMiddleware HTTP GET /api/auth/usuarios/2 → 401 (15.9ms)
[2026-07-06 10:02:37 INF] Microsoft.AspNetCore.Hosting.Diagnostics Request finished HTTP/2 GET https://localhost:7001/api/auth/usuarios/2 - 401 null application/json 26.6575ms
[2026-07-06 10:03:54 INF] Microsoft.AspNetCore.Hosting.Diagnostics Request starting HTTP/2 GET https://localhost:7001/api/auth/usuarios?RoleId=3&BranchId=1 - null null
[2026-07-06 10:03:54 INF] Microsoft.AspNetCore.Authorization.DefaultAuthorizationService Authorization failed. These requirements were not met:
RolesAuthorizationRequirement:User.IsInRole must be true for one of the following roles: (SUPERADMIN|ADMIN)
[2026-07-06 10:03:54 INF] Microsoft.AspNetCore.Authentication.JwtBearer.JwtBearerHandler AuthenticationScheme: Bearer was challenged.
[2026-07-06 10:03:54 INF] Serilog.AspNetCore.RequestLoggingMiddleware HTTP GET /api/auth/usuarios → 401 (6.7ms)
[2026-07-06 10:03:54 INF] Microsoft.AspNetCore.Hosting.Diagnostics Request finished HTTP/2 GET https://localhost:7001/api/auth/usuarios?RoleId=3&BranchId=1 - 401 null application/json 23.3365ms
[2026-07-06 10:04:21 INF] Microsoft.AspNetCore.Hosting.Diagnostics Request starting HTTP/2 GET https://localhost:7001/api/auth/usuarios?RoleId=3&BranchId=1 - null null
[2026-07-06 10:04:21 INF] Microsoft.AspNetCore.Authorization.DefaultAuthorizationService Authorization failed. These requirements were not met:
RolesAuthorizationRequirement:User.IsInRole must be true for one of the following roles: (SUPERADMIN|ADMIN)
[2026-07-06 10:04:21 INF] Microsoft.AspNetCore.Authentication.JwtBearer.JwtBearerHandler AuthenticationScheme: Bearer was challenged.
[2026-07-06 10:04:21 INF] Serilog.AspNetCore.RequestLoggingMiddleware HTTP GET /api/auth/usuarios → 401 (3.3ms)
[2026-07-06 10:04:21 INF] Microsoft.AspNetCore.Hosting.Diagnostics Request finished HTTP/2 GET https://localhost:7001/api/auth/usuarios?RoleId=3&BranchId=1 - 401 null application/json 14.9345ms
[2026-07-06 10:05:36 INF] Microsoft.AspNetCore.Hosting.Diagnostics Request starting HTTP/2 GET https://localhost:7001/api/auth/usuarios?RoleId=3&BranchId=1&PageNumber=1&PageSize=10 - null null
[2026-07-06 10:05:36 INF] Microsoft.AspNetCore.Authorization.DefaultAuthorizationService Authorization failed. These requirements were not met:
RolesAuthorizationRequirement:User.IsInRole must be true for one of the following roles: (SUPERADMIN|ADMIN)
[2026-07-06 10:05:36 INF] Microsoft.AspNetCore.Authentication.JwtBearer.JwtBearerHandler AuthenticationScheme: Bearer was challenged.
[2026-07-06 10:05:36 INF] Serilog.AspNetCore.RequestLoggingMiddleware HTTP GET /api/auth/usuarios → 401 (4.1ms)
[2026-07-06 10:05:36 INF] Microsoft.AspNetCore.Hosting.Diagnostics Request finished HTTP/2 GET https://localhost:7001/api/auth/usuarios?RoleId=3&BranchId=1&PageNumber=1&PageSize=10 - 401 null application/json 17.7109ms
[2026-07-06 10:06:53 INF] Microsoft.AspNetCore.Hosting.Diagnostics Request starting HTTP/2 POST https://localhost:7001/api/auth/login - application/json 71
[2026-07-06 10:06:53 INF] Microsoft.AspNetCore.Cors.Infrastructure.CorsService CORS policy execution successful.
[2026-07-06 10:06:53 INF] Microsoft.AspNetCore.Routing.EndpointMiddleware Executing endpoint 'GymAffiliate.Api.Controllers.AuthController.Login (GymAffiliate.Api)'
[2026-07-06 10:06:53 INF] Microsoft.AspNetCore.Mvc.Infrastructure.ControllerActionInvoker Route matched with {action = "Login", controller = "Auth"}. Executing controller action with signature System.Threading.Tasks.Task`1[Microsoft.AspNetCore.Mvc.IActionResult] Login(GymAffiliate.Application.DTOs.Requests.LoginRequest, System.Threading.CancellationToken) on controller GymAffiliate.Api.Controllers.AuthController (GymAffiliate.Api).
[2026-07-06 10:06:53 INF] Microsoft.AspNetCore.Mvc.Infrastructure.ObjectResultExecutor Executing BadRequestObjectResult, writing value of type 'Microsoft.AspNetCore.Mvc.ValidationProblemDetails'.
[2026-07-06 10:06:53 INF] Microsoft.AspNetCore.Mvc.Infrastructure.ControllerActionInvoker Executed action GymAffiliate.Api.Controllers.AuthController.Login (GymAffiliate.Api) in 11.0422ms
[2026-07-06 10:06:53 INF] Microsoft.AspNetCore.Routing.EndpointMiddleware Executed endpoint 'GymAffiliate.Api.Controllers.AuthController.Login (GymAffiliate.Api)'
[2026-07-06 10:06:53 INF] Serilog.AspNetCore.RequestLoggingMiddleware HTTP POST /api/auth/login → 400 (19.4ms)
[2026-07-06 10:06:53 INF] Microsoft.AspNetCore.Hosting.Diagnostics Request finished HTTP/2 POST https://localhost:7001/api/auth/login - 400 null application/problem+json; charset=utf-8 38.122ms
[2026-07-06 10:08:22 INF] Microsoft.AspNetCore.Hosting.Diagnostics Request starting HTTP/2 POST https://localhost:7001/api/auth/login - application/json 72
[2026-07-06 10:08:22 INF] Microsoft.AspNetCore.Cors.Infrastructure.CorsService CORS policy execution successful.
[2026-07-06 10:08:22 INF] Microsoft.AspNetCore.Routing.EndpointMiddleware Executing endpoint 'GymAffiliate.Api.Controllers.AuthController.Login (GymAffiliate.Api)'
[2026-07-06 10:08:22 INF] Microsoft.AspNetCore.Mvc.Infrastructure.ControllerActionInvoker Route matched with {action = "Login", controller = "Auth"}. Executing controller action with signature System.Threading.Tasks.Task`1[Microsoft.AspNetCore.Mvc.IActionResult] Login(GymAffiliate.Application.DTOs.Requests.LoginRequest, System.Threading.CancellationToken) on controller GymAffiliate.Api.Controllers.AuthController (GymAffiliate.Api).
[2026-07-06 10:08:22 INF] Microsoft.AspNetCore.Mvc.Infrastructure.ObjectResultExecutor Executing BadRequestObjectResult, writing value of type 'Microsoft.AspNetCore.Mvc.ValidationProblemDetails'.
[2026-07-06 10:08:22 INF] Microsoft.AspNetCore.Mvc.Infrastructure.ControllerActionInvoker Executed action GymAffiliate.Api.Controllers.AuthController.Login (GymAffiliate.Api) in 10.0187ms
[2026-07-06 10:08:22 INF] Microsoft.AspNetCore.Routing.EndpointMiddleware Executed endpoint 'GymAffiliate.Api.Controllers.AuthController.Login (GymAffiliate.Api)'
[2026-07-06 10:08:22 INF] Serilog.AspNetCore.RequestLoggingMiddleware HTTP POST /api/auth/login → 400 (22.3ms)
[2026-07-06 10:08:22 INF] Microsoft.AspNetCore.Hosting.Diagnostics Request finished HTTP/2 POST https://localhost:7001/api/auth/login - 400 null application/problem+json; charset=utf-8 33.4679ms
[2026-07-06 10:10:02 INF] Microsoft.AspNetCore.Hosting.Diagnostics Request starting HTTP/2 POST https://localhost:7001/api/auth/login - application/json 70
[2026-07-06 10:10:02 INF] Microsoft.AspNetCore.Cors.Infrastructure.CorsService CORS policy execution successful.
[2026-07-06 10:10:02 INF] Microsoft.AspNetCore.Routing.EndpointMiddleware Executing endpoint 'GymAffiliate.Api.Controllers.AuthController.Login (GymAffiliate.Api)'
[2026-07-06 10:10:02 INF] Microsoft.AspNetCore.Mvc.Infrastructure.ControllerActionInvoker Route matched with {action = "Login", controller = "Auth"}. Executing controller action with signature System.Threading.Tasks.Task`1[Microsoft.AspNetCore.Mvc.IActionResult] Login(GymAffiliate.Application.DTOs.Requests.LoginRequest, System.Threading.CancellationToken) on controller GymAffiliate.Api.Controllers.AuthController (GymAffiliate.Api).
[2026-07-06 10:10:02 INF] Microsoft.AspNetCore.Mvc.Infrastructure.ControllerActionInvoker Executing action method GymAffiliate.Api.Controllers.AuthController.Login (GymAffiliate.Api) - Validation state: "Valid"
[2026-07-06 10:10:39 INF] Microsoft.AspNetCore.Mvc.Infrastructure.ControllerActionInvoker Executed action method GymAffiliate.Api.Controllers.AuthController.Login (GymAffiliate.Api), returned result Microsoft.AspNetCore.Mvc.ObjectResult in 36210.273ms.
[2026-07-06 10:10:39 INF] Microsoft.AspNetCore.Mvc.Infrastructure.ObjectResultExecutor Executing ObjectResult, writing value of type 'GymAffiliate.Shared.Result.ApiResponse`1[[GymAffiliate.Application.DTOs.Responses.LoginResponse, GymAffiliate.Application, Version=1.0.0.0, Culture=neutral, PublicKeyToken=null]]'.
[2026-07-06 10:10:39 INF] Microsoft.AspNetCore.Mvc.Infrastructure.ControllerActionInvoker Executed action GymAffiliate.Api.Controllers.AuthController.Login (GymAffiliate.Api) in 36264.9394ms
[2026-07-06 10:10:39 INF] Microsoft.AspNetCore.Routing.EndpointMiddleware Executed endpoint 'GymAffiliate.Api.Controllers.AuthController.Login (GymAffiliate.Api)'
[2026-07-06 10:10:39 INF] Serilog.AspNetCore.RequestLoggingMiddleware HTTP POST /api/auth/login → 422 (36274.7ms)
[2026-07-06 10:10:39 INF] Microsoft.AspNetCore.Hosting.Diagnostics Request finished HTTP/2 POST https://localhost:7001/api/auth/login - 422 null application/json; charset=utf-8 36298.3029ms
[2026-07-06 10:11:41 INF] Microsoft.AspNetCore.Hosting.Diagnostics Request starting HTTP/2 POST https://localhost:7001/api/auth/login - application/json 70
[2026-07-06 10:11:41 INF] Microsoft.AspNetCore.Cors.Infrastructure.CorsService CORS policy execution successful.
[2026-07-06 10:11:41 INF] Microsoft.AspNetCore.Routing.EndpointMiddleware Executing endpoint 'GymAffiliate.Api.Controllers.AuthController.Login (GymAffiliate.Api)'
[2026-07-06 10:11:41 INF] Microsoft.AspNetCore.Mvc.Infrastructure.ControllerActionInvoker Route matched with {action = "Login", controller = "Auth"}. Executing controller action with signature System.Threading.Tasks.Task`1[Microsoft.AspNetCore.Mvc.IActionResult] Login(GymAffiliate.Application.DTOs.Requests.LoginRequest, System.Threading.CancellationToken) on controller GymAffiliate.Api.Controllers.AuthController (GymAffiliate.Api).
[2026-07-06 10:11:41 INF] Microsoft.AspNetCore.Mvc.Infrastructure.ControllerActionInvoker Executing action method GymAffiliate.Api.Controllers.AuthController.Login (GymAffiliate.Api) - Validation state: "Valid"
[2026-07-06 10:15:22 INF] Microsoft.AspNetCore.Mvc.Infrastructure.ControllerActionInvoker Executed action method GymAffiliate.Api.Controllers.AuthController.Login (GymAffiliate.Api), returned result Microsoft.AspNetCore.Mvc.ObjectResult in 220809.5915ms.
[2026-07-06 10:15:22 INF] Microsoft.AspNetCore.Mvc.Infrastructure.ObjectResultExecutor Executing ObjectResult, writing value of type 'GymAffiliate.Shared.Result.ApiResponse`1[[GymAffiliate.Application.DTOs.Responses.LoginResponse, GymAffiliate.Application, Version=1.0.0.0, Culture=neutral, PublicKeyToken=null]]'.
[2026-07-06 10:15:22 INF] Microsoft.AspNetCore.Mvc.Infrastructure.ControllerActionInvoker Executed action GymAffiliate.Api.Controllers.AuthController.Login (GymAffiliate.Api) in 220877.46ms
[2026-07-06 10:15:22 INF] Microsoft.AspNetCore.Routing.EndpointMiddleware Executed endpoint 'GymAffiliate.Api.Controllers.AuthController.Login (GymAffiliate.Api)'
[2026-07-06 10:15:22 INF] Serilog.AspNetCore.RequestLoggingMiddleware HTTP POST /api/auth/login → 422 (220897.0ms)
[2026-07-06 10:15:22 INF] Microsoft.AspNetCore.Hosting.Diagnostics Request finished HTTP/2 POST https://localhost:7001/api/auth/login - 422 null application/json; charset=utf-8 220922.5823ms
[2026-07-06 10:15:51 INF] Microsoft.AspNetCore.Hosting.Diagnostics Request starting HTTP/2 POST https://localhost:7001/api/auth/login - application/json 76
[2026-07-06 10:15:51 INF] Microsoft.AspNetCore.Cors.Infrastructure.CorsService CORS policy execution successful.
[2026-07-06 10:15:51 INF] Microsoft.AspNetCore.Routing.EndpointMiddleware Executing endpoint 'GymAffiliate.Api.Controllers.AuthController.Login (GymAffiliate.Api)'
[2026-07-06 10:15:51 INF] Microsoft.AspNetCore.Mvc.Infrastructure.ControllerActionInvoker Route matched with {action = "Login", controller = "Auth"}. Executing controller action with signature System.Threading.Tasks.Task`1[Microsoft.AspNetCore.Mvc.IActionResult] Login(GymAffiliate.Application.DTOs.Requests.LoginRequest, System.Threading.CancellationToken) on controller GymAffiliate.Api.Controllers.AuthController (GymAffiliate.Api).
[2026-07-06 10:15:51 INF] Microsoft.AspNetCore.Mvc.Infrastructure.ControllerActionInvoker Executing action method GymAffiliate.Api.Controllers.AuthController.Login (GymAffiliate.Api) - Validation state: "Valid"
[2026-07-06 10:17:02 INF]  GymAffiliate API lista. Swagger: https://localhost:xxxx/
[2026-07-06 10:17:02 INF] Microsoft.AspNetCore.DataProtection.KeyManagement.XmlKeyManager User profile is available. Using 'C:\Users\Miguel Angel\AppData\Local\ASP.NET\DataProtection-Keys' as key repository and Windows DPAPI to encrypt keys at rest.
[2026-07-06 10:17:03 INF] Microsoft.Hosting.Lifetime Now listening on: https://localhost:7001
[2026-07-06 10:17:03 INF] Microsoft.Hosting.Lifetime Now listening on: http://localhost:5001
[2026-07-06 10:17:03 INF] Microsoft.Hosting.Lifetime Application started. Press Ctrl+C to shut down.
[2026-07-06 10:17:03 INF] Microsoft.Hosting.Lifetime Hosting environment: Development
[2026-07-06 10:17:03 INF] Microsoft.Hosting.Lifetime Content root path: C:\Users\Miguel Angel\Documents\DesarrollosC#\GymAffiliate_API\GymAffiliate\src\Api
[2026-07-06 10:17:04 INF] Microsoft.AspNetCore.Hosting.Diagnostics Request starting HTTP/2 GET https://localhost:7001/index.html - null null
[2026-07-06 10:17:05 INF] Microsoft.AspNetCore.Hosting.Diagnostics Request finished HTTP/2 GET https://localhost:7001/index.html - 200 null text/html;charset=utf-8 681.9351ms
[2026-07-06 10:17:05 INF] Microsoft.AspNetCore.Hosting.Diagnostics Request starting HTTP/2 GET https://localhost:7001/_framework/aspnetcore-browser-refresh.js - null null
[2026-07-06 10:17:05 INF] Microsoft.AspNetCore.Hosting.Diagnostics Request finished HTTP/2 GET https://localhost:7001/_framework/aspnetcore-browser-refresh.js - 200 16517 application/javascript; charset=utf-8 28.4351ms
[2026-07-06 10:17:05 INF] Microsoft.AspNetCore.Hosting.Diagnostics Request starting HTTP/2 GET https://localhost:7001/_vs/browserLink - null null
[2026-07-06 10:17:05 INF] Microsoft.AspNetCore.Hosting.Diagnostics Request finished HTTP/2 GET https://localhost:7001/_vs/browserLink - 200 null text/javascript; charset=UTF-8 117.0113ms
[2026-07-06 10:17:06 INF] Microsoft.AspNetCore.Hosting.Diagnostics Request starting HTTP/2 GET https://localhost:7001/swagger/v1/swagger.json - null null
[2026-07-06 10:17:06 INF] Microsoft.AspNetCore.Hosting.Diagnostics Request finished HTTP/2 GET https://localhost:7001/swagger/v1/swagger.json - 200 null application/json;charset=utf-8 92.383ms
[2026-07-06 10:19:42 INF] Microsoft.AspNetCore.Hosting.Diagnostics Request starting HTTP/2 POST https://localhost:7001/api/auth/usuarios - application/json 139
[2026-07-06 10:19:42 INF] Microsoft.AspNetCore.Cors.Infrastructure.CorsService CORS policy execution successful.
[2026-07-06 10:19:42 INF] Microsoft.AspNetCore.Authorization.DefaultAuthorizationService Authorization failed. These requirements were not met:
RolesAuthorizationRequirement:User.IsInRole must be true for one of the following roles: (SUPERADMIN|ADMIN)
[2026-07-06 10:19:42 INF] Microsoft.AspNetCore.Authentication.JwtBearer.JwtBearerHandler AuthenticationScheme: Bearer was challenged.
[2026-07-06 10:19:42 INF] Serilog.AspNetCore.RequestLoggingMiddleware HTTP POST /api/auth/usuarios → 401 (95.9ms)
[2026-07-06 10:19:42 INF] Microsoft.AspNetCore.Hosting.Diagnostics Request finished HTTP/2 POST https://localhost:7001/api/auth/usuarios - 401 null application/json 152.0623ms
[2026-07-06 10:24:42 INF] Microsoft.AspNetCore.Hosting.Diagnostics Request starting HTTP/2 POST https://localhost:7001/api/auth/login - application/json 77
[2026-07-06 10:24:42 INF] Microsoft.AspNetCore.Cors.Infrastructure.CorsService CORS policy execution successful.
[2026-07-06 10:24:42 INF] Microsoft.AspNetCore.Routing.EndpointMiddleware Executing endpoint 'GymAffiliate.Api.Controllers.AuthController.Login (GymAffiliate.Api)'
[2026-07-06 10:24:42 INF] Microsoft.AspNetCore.Mvc.Infrastructure.ControllerActionInvoker Route matched with {action = "Login", controller = "Auth"}. Executing controller action with signature System.Threading.Tasks.Task`1[Microsoft.AspNetCore.Mvc.IActionResult] Login(GymAffiliate.Application.DTOs.Requests.LoginRequest, System.Threading.CancellationToken) on controller GymAffiliate.Api.Controllers.AuthController (GymAffiliate.Api).
[2026-07-06 10:24:43 INF] Microsoft.AspNetCore.Mvc.Infrastructure.ControllerActionInvoker Executing action method GymAffiliate.Api.Controllers.AuthController.Login (GymAffiliate.Api) - Validation state: "Valid"
[2026-07-06 10:28:50 INF]  GymAffiliate API lista. Swagger: https://localhost:xxxx/
[2026-07-06 10:28:50 INF] Microsoft.AspNetCore.DataProtection.KeyManagement.XmlKeyManager User profile is available. Using 'C:\Users\Miguel Angel\AppData\Local\ASP.NET\DataProtection-Keys' as key repository and Windows DPAPI to encrypt keys at rest.
[2026-07-06 10:28:51 INF] Microsoft.Hosting.Lifetime Now listening on: https://localhost:7001
[2026-07-06 10:28:51 INF] Microsoft.Hosting.Lifetime Now listening on: http://localhost:5001
[2026-07-06 10:28:51 INF] Microsoft.Hosting.Lifetime Application started. Press Ctrl+C to shut down.
[2026-07-06 10:28:51 INF] Microsoft.Hosting.Lifetime Hosting environment: Development
[2026-07-06 10:28:51 INF] Microsoft.Hosting.Lifetime Content root path: C:\Users\Miguel Angel\Documents\DesarrollosC#\GymAffiliate_API\GymAffiliate\src\Api
[2026-07-06 10:28:51 INF] Microsoft.AspNetCore.Hosting.Diagnostics Request starting HTTP/2 GET https://localhost:7001/index.html - null null
[2026-07-06 10:28:51 INF] Microsoft.AspNetCore.Hosting.Diagnostics Request finished HTTP/2 GET https://localhost:7001/index.html - 200 null text/html;charset=utf-8 224.9672ms
[2026-07-06 10:28:51 INF] Microsoft.AspNetCore.Hosting.Diagnostics Request starting HTTP/2 GET https://localhost:7001/_framework/aspnetcore-browser-refresh.js - null null
[2026-07-06 10:28:51 INF] Microsoft.AspNetCore.Hosting.Diagnostics Request starting HTTP/2 GET https://localhost:7001/_vs/browserLink - null null
[2026-07-06 10:28:51 INF] Microsoft.AspNetCore.Hosting.Diagnostics Request finished HTTP/2 GET https://localhost:7001/_framework/aspnetcore-browser-refresh.js - 200 16517 application/javascript; charset=utf-8 11.6466ms
[2026-07-06 10:28:51 INF] Microsoft.AspNetCore.Hosting.Diagnostics Request finished HTTP/2 GET https://localhost:7001/_vs/browserLink - 200 null text/javascript; charset=UTF-8 63.7162ms
[2026-07-06 10:28:52 INF] Microsoft.AspNetCore.Hosting.Diagnostics Request starting HTTP/2 GET https://localhost:7001/swagger/v1/swagger.json - null null
[2026-07-06 10:28:52 INF] Microsoft.AspNetCore.Hosting.Diagnostics Request finished HTTP/2 GET https://localhost:7001/swagger/v1/swagger.json - 200 null application/json;charset=utf-8 41.5335ms
[2026-07-06 10:29:11 INF] Microsoft.AspNetCore.Hosting.Diagnostics Request starting HTTP/2 POST https://localhost:7001/api/auth/login - application/json 77
[2026-07-06 10:29:11 INF] Microsoft.AspNetCore.Cors.Infrastructure.CorsService CORS policy execution successful.
[2026-07-06 10:29:11 INF] Microsoft.AspNetCore.Routing.EndpointMiddleware Executing endpoint 'GymAffiliate.Api.Controllers.AuthController.Login (GymAffiliate.Api)'
[2026-07-06 10:29:11 INF] Microsoft.AspNetCore.Mvc.Infrastructure.ControllerActionInvoker Route matched with {action = "Login", controller = "Auth"}. Executing controller action with signature System.Threading.Tasks.Task`1[Microsoft.AspNetCore.Mvc.IActionResult] Login(GymAffiliate.Application.DTOs.Requests.LoginRequest, System.Threading.CancellationToken) on controller GymAffiliate.Api.Controllers.AuthController (GymAffiliate.Api).
[2026-07-06 10:29:11 INF] Microsoft.AspNetCore.Mvc.Infrastructure.ControllerActionInvoker Executing action method GymAffiliate.Api.Controllers.AuthController.Login (GymAffiliate.Api) - Validation state: "Valid"
[2026-07-06 10:29:21 INF] Microsoft.AspNetCore.Mvc.Infrastructure.ControllerActionInvoker Executed action method GymAffiliate.Api.Controllers.AuthController.Login (GymAffiliate.Api), returned result Microsoft.AspNetCore.Mvc.ObjectResult in 10184.5813ms.
[2026-07-06 10:29:21 INF] Microsoft.AspNetCore.Mvc.Infrastructure.ObjectResultExecutor Executing ObjectResult, writing value of type 'GymAffiliate.Shared.Result.ApiResponse`1[[GymAffiliate.Application.DTOs.Responses.LoginResponse, GymAffiliate.Application, Version=1.0.0.0, Culture=neutral, PublicKeyToken=null]]'.
[2026-07-06 10:29:21 INF] Microsoft.AspNetCore.Mvc.Infrastructure.ControllerActionInvoker Executed action GymAffiliate.Api.Controllers.AuthController.Login (GymAffiliate.Api) in 10409.6663ms
[2026-07-06 10:29:21 INF] Microsoft.AspNetCore.Routing.EndpointMiddleware Executed endpoint 'GymAffiliate.Api.Controllers.AuthController.Login (GymAffiliate.Api)'
[2026-07-06 10:29:21 INF] Serilog.AspNetCore.RequestLoggingMiddleware HTTP POST /api/auth/login → 422 (10553.2ms)
[2026-07-06 10:29:21 INF] Microsoft.AspNetCore.Hosting.Diagnostics Request finished HTTP/2 POST https://localhost:7001/api/auth/login - 422 null application/json; charset=utf-8 10593.1332ms
[2026-07-06 10:29:24 INF] Microsoft.AspNetCore.Hosting.Diagnostics Request starting HTTP/2 POST https://localhost:7001/api/auth/login - application/json 77
[2026-07-06 10:29:24 INF] Microsoft.AspNetCore.Cors.Infrastructure.CorsService CORS policy execution successful.
[2026-07-06 10:29:24 INF] Microsoft.AspNetCore.Routing.EndpointMiddleware Executing endpoint 'GymAffiliate.Api.Controllers.AuthController.Login (GymAffiliate.Api)'
[2026-07-06 10:29:24 INF] Microsoft.AspNetCore.Mvc.Infrastructure.ControllerActionInvoker Route matched with {action = "Login", controller = "Auth"}. Executing controller action with signature System.Threading.Tasks.Task`1[Microsoft.AspNetCore.Mvc.IActionResult] Login(GymAffiliate.Application.DTOs.Requests.LoginRequest, System.Threading.CancellationToken) on controller GymAffiliate.Api.Controllers.AuthController (GymAffiliate.Api).
[2026-07-06 10:29:24 INF] Microsoft.AspNetCore.Mvc.Infrastructure.ControllerActionInvoker Executing action method GymAffiliate.Api.Controllers.AuthController.Login (GymAffiliate.Api) - Validation state: "Valid"
[2026-07-06 10:31:17 INF] Microsoft.AspNetCore.Mvc.Infrastructure.ControllerActionInvoker Executed action method GymAffiliate.Api.Controllers.AuthController.Login (GymAffiliate.Api), returned result Microsoft.AspNetCore.Mvc.ObjectResult in 112403.909ms.
[2026-07-06 10:31:17 INF] Microsoft.AspNetCore.Mvc.Infrastructure.ObjectResultExecutor Executing ObjectResult, writing value of type 'GymAffiliate.Shared.Result.ApiResponse`1[[GymAffiliate.Application.DTOs.Responses.LoginResponse, GymAffiliate.Application, Version=1.0.0.0, Culture=neutral, PublicKeyToken=null]]'.
[2026-07-06 10:31:17 INF] Microsoft.AspNetCore.Mvc.Infrastructure.ControllerActionInvoker Executed action GymAffiliate.Api.Controllers.AuthController.Login (GymAffiliate.Api) in 112436.4821ms
[2026-07-06 10:31:17 INF] Microsoft.AspNetCore.Routing.EndpointMiddleware Executed endpoint 'GymAffiliate.Api.Controllers.AuthController.Login (GymAffiliate.Api)'
[2026-07-06 10:31:17 INF] Serilog.AspNetCore.RequestLoggingMiddleware HTTP POST /api/auth/login → 422 (112444.1ms)
[2026-07-06 10:31:17 INF] Microsoft.AspNetCore.Hosting.Diagnostics Request finished HTTP/2 POST https://localhost:7001/api/auth/login - 422 null application/json; charset=utf-8 112462.2499ms
[2026-07-06 10:31:22 INF] Microsoft.AspNetCore.Hosting.Diagnostics Request starting HTTP/2 POST https://localhost:7001/api/auth/login - application/json 77
[2026-07-06 10:31:22 INF] Microsoft.AspNetCore.Cors.Infrastructure.CorsService CORS policy execution successful.
[2026-07-06 10:31:22 INF] Microsoft.AspNetCore.Routing.EndpointMiddleware Executing endpoint 'GymAffiliate.Api.Controllers.AuthController.Login (GymAffiliate.Api)'
[2026-07-06 10:31:22 INF] Microsoft.AspNetCore.Mvc.Infrastructure.ControllerActionInvoker Route matched with {action = "Login", controller = "Auth"}. Executing controller action with signature System.Threading.Tasks.Task`1[Microsoft.AspNetCore.Mvc.IActionResult] Login(GymAffiliate.Application.DTOs.Requests.LoginRequest, System.Threading.CancellationToken) on controller GymAffiliate.Api.Controllers.AuthController (GymAffiliate.Api).
[2026-07-06 10:31:22 INF] Microsoft.AspNetCore.Mvc.Infrastructure.ControllerActionInvoker Executing action method GymAffiliate.Api.Controllers.AuthController.Login (GymAffiliate.Api) - Validation state: "Valid"
[2026-07-06 10:31:36 INF] Microsoft.AspNetCore.Mvc.Infrastructure.ControllerActionInvoker Executed action method GymAffiliate.Api.Controllers.AuthController.Login (GymAffiliate.Api), returned result Microsoft.AspNetCore.Mvc.ObjectResult in 14023.0044ms.
[2026-07-06 10:31:36 INF] Microsoft.AspNetCore.Mvc.Infrastructure.ObjectResultExecutor Executing ObjectResult, writing value of type 'GymAffiliate.Shared.Result.ApiResponse`1[[GymAffiliate.Application.DTOs.Responses.LoginResponse, GymAffiliate.Application, Version=1.0.0.0, Culture=neutral, PublicKeyToken=null]]'.
[2026-07-06 10:31:36 INF] Microsoft.AspNetCore.Mvc.Infrastructure.ControllerActionInvoker Executed action GymAffiliate.Api.Controllers.AuthController.Login (GymAffiliate.Api) in 14047.3988ms
[2026-07-06 10:31:36 INF] Microsoft.AspNetCore.Routing.EndpointMiddleware Executed endpoint 'GymAffiliate.Api.Controllers.AuthController.Login (GymAffiliate.Api)'
[2026-07-06 10:31:36 INF] Serilog.AspNetCore.RequestLoggingMiddleware HTTP POST /api/auth/login → 422 (14058.8ms)
[2026-07-06 10:31:36 INF] Microsoft.AspNetCore.Hosting.Diagnostics Request finished HTTP/2 POST https://localhost:7001/api/auth/login - 422 null application/json; charset=utf-8 14085.6582ms
[2026-07-06 10:32:05 INF] Microsoft.AspNetCore.Hosting.Diagnostics Request starting HTTP/2 POST https://localhost:7001/api/auth/login - application/json 77
[2026-07-06 10:32:05 INF] Microsoft.AspNetCore.Cors.Infrastructure.CorsService CORS policy execution successful.
[2026-07-06 10:32:05 INF] Microsoft.AspNetCore.Routing.EndpointMiddleware Executing endpoint 'GymAffiliate.Api.Controllers.AuthController.Login (GymAffiliate.Api)'
[2026-07-06 10:32:05 INF] Microsoft.AspNetCore.Mvc.Infrastructure.ControllerActionInvoker Route matched with {action = "Login", controller = "Auth"}. Executing controller action with signature System.Threading.Tasks.Task`1[Microsoft.AspNetCore.Mvc.IActionResult] Login(GymAffiliate.Application.DTOs.Requests.LoginRequest, System.Threading.CancellationToken) on controller GymAffiliate.Api.Controllers.AuthController (GymAffiliate.Api).
[2026-07-06 10:32:05 INF] Microsoft.AspNetCore.Mvc.Infrastructure.ControllerActionInvoker Executing action method GymAffiliate.Api.Controllers.AuthController.Login (GymAffiliate.Api) - Validation state: "Valid"
[2026-07-06 10:32:15 INF] Microsoft.AspNetCore.Mvc.Infrastructure.ControllerActionInvoker Executed action method GymAffiliate.Api.Controllers.AuthController.Login (GymAffiliate.Api), returned result Microsoft.AspNetCore.Mvc.ObjectResult in 9737.3083ms.
[2026-07-06 10:32:15 INF] Microsoft.AspNetCore.Mvc.Infrastructure.ObjectResultExecutor Executing ObjectResult, writing value of type 'GymAffiliate.Shared.Result.ApiResponse`1[[GymAffiliate.Application.DTOs.Responses.LoginResponse, GymAffiliate.Application, Version=1.0.0.0, Culture=neutral, PublicKeyToken=null]]'.
[2026-07-06 10:32:15 INF] Microsoft.AspNetCore.Mvc.Infrastructure.ControllerActionInvoker Executed action GymAffiliate.Api.Controllers.AuthController.Login (GymAffiliate.Api) in 9754.3977ms
[2026-07-06 10:32:15 INF] Microsoft.AspNetCore.Routing.EndpointMiddleware Executed endpoint 'GymAffiliate.Api.Controllers.AuthController.Login (GymAffiliate.Api)'
[2026-07-06 10:32:15 INF] Serilog.AspNetCore.RequestLoggingMiddleware HTTP POST /api/auth/login → 422 (9767.4ms)
[2026-07-06 10:32:15 INF] Microsoft.AspNetCore.Hosting.Diagnostics Request finished HTTP/2 POST https://localhost:7001/api/auth/login - 422 null application/json; charset=utf-8 9778.1119ms
[2026-07-06 10:39:40 INF] Microsoft.AspNetCore.Hosting.Diagnostics Request starting HTTP/2 POST https://localhost:7001/api/auth/login - application/json 77
[2026-07-06 10:40:03 INF] Microsoft.AspNetCore.Cors.Infrastructure.CorsService CORS policy execution successful.
[2026-07-06 10:40:03 INF] Microsoft.AspNetCore.Routing.EndpointMiddleware Executing endpoint 'GymAffiliate.Api.Controllers.AuthController.Login (GymAffiliate.Api)'
[2026-07-06 10:40:03 INF] Microsoft.AspNetCore.Mvc.Infrastructure.ControllerActionInvoker Route matched with {action = "Login", controller = "Auth"}. Executing controller action with signature System.Threading.Tasks.Task`1[Microsoft.AspNetCore.Mvc.IActionResult] Login(GymAffiliate.Application.DTOs.Requests.LoginRequest, System.Threading.CancellationToken) on controller GymAffiliate.Api.Controllers.AuthController (GymAffiliate.Api).
[2026-07-06 10:40:03 INF] Microsoft.AspNetCore.Mvc.Infrastructure.ControllerActionInvoker Executing action method GymAffiliate.Api.Controllers.AuthController.Login (GymAffiliate.Api) - Validation state: "Valid"
[2026-07-06 10:40:17 INF] Microsoft.AspNetCore.Mvc.Infrastructure.ControllerActionInvoker Executed action method GymAffiliate.Api.Controllers.AuthController.Login (GymAffiliate.Api), returned result Microsoft.AspNetCore.Mvc.ObjectResult in 14085.1933ms.
[2026-07-06 10:40:17 INF] Microsoft.AspNetCore.Mvc.Infrastructure.ObjectResultExecutor Executing ObjectResult, writing value of type 'GymAffiliate.Shared.Result.ApiResponse`1[[GymAffiliate.Application.DTOs.Responses.LoginResponse, GymAffiliate.Application, Version=1.0.0.0, Culture=neutral, PublicKeyToken=null]]'.
[2026-07-06 10:40:17 INF] Microsoft.AspNetCore.Mvc.Infrastructure.ControllerActionInvoker Executed action GymAffiliate.Api.Controllers.AuthController.Login (GymAffiliate.Api) in 14123.691ms
[2026-07-06 10:40:17 INF] Microsoft.AspNetCore.Routing.EndpointMiddleware Executed endpoint 'GymAffiliate.Api.Controllers.AuthController.Login (GymAffiliate.Api)'
[2026-07-06 10:40:17 INF] Serilog.AspNetCore.RequestLoggingMiddleware HTTP POST /api/auth/login → 422 (14134.2ms)
[2026-07-06 10:40:17 INF] Microsoft.AspNetCore.Hosting.Diagnostics Request finished HTTP/2 POST https://localhost:7001/api/auth/login - 422 null application/json; charset=utf-8 37126.4891ms
[2026-07-06 10:40:49 INF] Microsoft.AspNetCore.Hosting.Diagnostics Request starting HTTP/2 POST https://localhost:7001/api/auth/login - application/json 77
[2026-07-06 10:41:32 INF] Microsoft.AspNetCore.Cors.Infrastructure.CorsService CORS policy execution successful.
[2026-07-06 10:41:32 INF] Microsoft.AspNetCore.Routing.EndpointMiddleware Executing endpoint 'GymAffiliate.Api.Controllers.AuthController.Login (GymAffiliate.Api)'
[2026-07-06 10:41:32 INF] Microsoft.AspNetCore.Mvc.Infrastructure.ControllerActionInvoker Route matched with {action = "Login", controller = "Auth"}. Executing controller action with signature System.Threading.Tasks.Task`1[Microsoft.AspNetCore.Mvc.IActionResult] Login(GymAffiliate.Application.DTOs.Requests.LoginRequest, System.Threading.CancellationToken) on controller GymAffiliate.Api.Controllers.AuthController (GymAffiliate.Api).
[2026-07-06 10:41:32 INF] Microsoft.AspNetCore.Mvc.Infrastructure.ControllerActionInvoker Executing action method GymAffiliate.Api.Controllers.AuthController.Login (GymAffiliate.Api) - Validation state: "Valid"
[2026-07-06 10:41:38 INF] Microsoft.AspNetCore.Mvc.Infrastructure.ControllerActionInvoker Executed action method GymAffiliate.Api.Controllers.AuthController.Login (GymAffiliate.Api), returned result Microsoft.AspNetCore.Mvc.ObjectResult in 5972.605ms.
[2026-07-06 10:41:38 INF] Microsoft.AspNetCore.Mvc.Infrastructure.ObjectResultExecutor Executing ObjectResult, writing value of type 'GymAffiliate.Shared.Result.ApiResponse`1[[GymAffiliate.Application.DTOs.Responses.LoginResponse, GymAffiliate.Application, Version=1.0.0.0, Culture=neutral, PublicKeyToken=null]]'.
[2026-07-06 10:41:38 INF] Microsoft.AspNetCore.Mvc.Infrastructure.ControllerActionInvoker Executed action GymAffiliate.Api.Controllers.AuthController.Login (GymAffiliate.Api) in 5994.7403ms
[2026-07-06 10:41:38 INF] Microsoft.AspNetCore.Routing.EndpointMiddleware Executed endpoint 'GymAffiliate.Api.Controllers.AuthController.Login (GymAffiliate.Api)'
[2026-07-06 10:41:38 INF] Serilog.AspNetCore.RequestLoggingMiddleware HTTP POST /api/auth/login → 422 (6007.6ms)
[2026-07-06 10:41:38 INF] Microsoft.AspNetCore.Hosting.Diagnostics Request finished HTTP/2 POST https://localhost:7001/api/auth/login - 422 null application/json; charset=utf-8 49593.481ms
[2026-07-06 10:41:41 INF] Microsoft.AspNetCore.Hosting.Diagnostics Request starting HTTP/2 POST https://localhost:7001/api/auth/login - application/json 77
[2026-07-06 10:41:54 INF] Microsoft.AspNetCore.Cors.Infrastructure.CorsService CORS policy execution successful.
[2026-07-06 10:41:54 INF] Microsoft.AspNetCore.Routing.EndpointMiddleware Executing endpoint 'GymAffiliate.Api.Controllers.AuthController.Login (GymAffiliate.Api)'
[2026-07-06 10:41:54 INF] Microsoft.AspNetCore.Mvc.Infrastructure.ControllerActionInvoker Route matched with {action = "Login", controller = "Auth"}. Executing controller action with signature System.Threading.Tasks.Task`1[Microsoft.AspNetCore.Mvc.IActionResult] Login(GymAffiliate.Application.DTOs.Requests.LoginRequest, System.Threading.CancellationToken) on controller GymAffiliate.Api.Controllers.AuthController (GymAffiliate.Api).
[2026-07-06 10:41:54 INF] Microsoft.AspNetCore.Mvc.Infrastructure.ControllerActionInvoker Executing action method GymAffiliate.Api.Controllers.AuthController.Login (GymAffiliate.Api) - Validation state: "Valid"
[2026-07-06 10:42:14 INF] Microsoft.AspNetCore.Mvc.Infrastructure.ControllerActionInvoker Executed action method GymAffiliate.Api.Controllers.AuthController.Login (GymAffiliate.Api), returned result Microsoft.AspNetCore.Mvc.ObjectResult in 20903.4946ms.
[2026-07-06 10:42:14 INF] Microsoft.AspNetCore.Mvc.Infrastructure.ObjectResultExecutor Executing ObjectResult, writing value of type 'GymAffiliate.Shared.Result.ApiResponse`1[[GymAffiliate.Application.DTOs.Responses.LoginResponse, GymAffiliate.Application, Version=1.0.0.0, Culture=neutral, PublicKeyToken=null]]'.
[2026-07-06 10:42:14 INF] Microsoft.AspNetCore.Mvc.Infrastructure.ControllerActionInvoker Executed action GymAffiliate.Api.Controllers.AuthController.Login (GymAffiliate.Api) in 20929.7883ms
[2026-07-06 10:42:14 INF] Microsoft.AspNetCore.Routing.EndpointMiddleware Executed endpoint 'GymAffiliate.Api.Controllers.AuthController.Login (GymAffiliate.Api)'
[2026-07-06 10:42:14 INF] Serilog.AspNetCore.RequestLoggingMiddleware HTTP POST /api/auth/login → 422 (20936.6ms)
[2026-07-06 10:42:14 INF] Microsoft.AspNetCore.Hosting.Diagnostics Request finished HTTP/2 POST https://localhost:7001/api/auth/login - 422 null application/json; charset=utf-8 33623.2231ms
[2026-07-06 10:44:30 INF] Microsoft.AspNetCore.Hosting.Diagnostics Request starting HTTP/2 POST https://localhost:7001/api/auth/login - application/json 77
[2026-07-06 10:44:32 INF] Microsoft.AspNetCore.Cors.Infrastructure.CorsService CORS policy execution successful.
[2026-07-06 10:44:32 INF] Microsoft.AspNetCore.Routing.EndpointMiddleware Executing endpoint 'GymAffiliate.Api.Controllers.AuthController.Login (GymAffiliate.Api)'
[2026-07-06 10:44:32 INF] Microsoft.AspNetCore.Mvc.Infrastructure.ControllerActionInvoker Route matched with {action = "Login", controller = "Auth"}. Executing controller action with signature System.Threading.Tasks.Task`1[Microsoft.AspNetCore.Mvc.IActionResult] Login(GymAffiliate.Application.DTOs.Requests.LoginRequest, System.Threading.CancellationToken) on controller GymAffiliate.Api.Controllers.AuthController (GymAffiliate.Api).
[2026-07-06 10:44:32 INF] Microsoft.AspNetCore.Mvc.Infrastructure.ControllerActionInvoker Executing action method GymAffiliate.Api.Controllers.AuthController.Login (GymAffiliate.Api) - Validation state: "Valid"
[2026-07-06 10:44:34 INF] Microsoft.AspNetCore.Mvc.Infrastructure.ControllerActionInvoker Executed action method GymAffiliate.Api.Controllers.AuthController.Login (GymAffiliate.Api), returned result Microsoft.AspNetCore.Mvc.ObjectResult in 2223.9961ms.
[2026-07-06 10:44:34 INF] Microsoft.AspNetCore.Mvc.Infrastructure.ObjectResultExecutor Executing ObjectResult, writing value of type 'GymAffiliate.Shared.Result.ApiResponse`1[[GymAffiliate.Application.DTOs.Responses.LoginResponse, GymAffiliate.Application, Version=1.0.0.0, Culture=neutral, PublicKeyToken=null]]'.
[2026-07-06 10:44:34 INF] Microsoft.AspNetCore.Mvc.Infrastructure.ControllerActionInvoker Executed action GymAffiliate.Api.Controllers.AuthController.Login (GymAffiliate.Api) in 2244.4581ms
[2026-07-06 10:44:34 INF] Microsoft.AspNetCore.Routing.EndpointMiddleware Executed endpoint 'GymAffiliate.Api.Controllers.AuthController.Login (GymAffiliate.Api)'
[2026-07-06 10:44:34 INF] Serilog.AspNetCore.RequestLoggingMiddleware HTTP POST /api/auth/login → 422 (2264.2ms)
[2026-07-06 10:44:34 INF] Microsoft.AspNetCore.Hosting.Diagnostics Request finished HTTP/2 POST https://localhost:7001/api/auth/login - 422 null application/json; charset=utf-8 4491.0528ms
[2026-07-06 10:56:23 INF] Microsoft.AspNetCore.Hosting.Diagnostics Request starting HTTP/2 POST https://localhost:7001/api/auth/login - application/json 77
[2026-07-06 10:56:23 INF] Microsoft.AspNetCore.Cors.Infrastructure.CorsService CORS policy execution successful.
[2026-07-06 10:56:23 INF] Microsoft.AspNetCore.Routing.EndpointMiddleware Executing endpoint 'GymAffiliate.Api.Controllers.AuthController.Login (GymAffiliate.Api)'
[2026-07-06 10:56:23 INF] Microsoft.AspNetCore.Mvc.Infrastructure.ControllerActionInvoker Route matched with {action = "Login", controller = "Auth"}. Executing controller action with signature System.Threading.Tasks.Task`1[Microsoft.AspNetCore.Mvc.IActionResult] Login(GymAffiliate.Application.DTOs.Requests.LoginRequest, System.Threading.CancellationToken) on controller GymAffiliate.Api.Controllers.AuthController (GymAffiliate.Api).
[2026-07-06 10:56:23 INF] Microsoft.AspNetCore.Mvc.Infrastructure.ControllerActionInvoker Executing action method GymAffiliate.Api.Controllers.AuthController.Login (GymAffiliate.Api) - Validation state: "Valid"
[2026-07-06 10:58:55 INF] Microsoft.AspNetCore.Mvc.Infrastructure.ControllerActionInvoker Executed action method GymAffiliate.Api.Controllers.AuthController.Login (GymAffiliate.Api), returned result Microsoft.AspNetCore.Mvc.ObjectResult in 152098.3777ms.
[2026-07-06 10:58:55 INF] Microsoft.AspNetCore.Mvc.Infrastructure.ObjectResultExecutor Executing ObjectResult, writing value of type 'GymAffiliate.Shared.Result.ApiResponse`1[[GymAffiliate.Application.DTOs.Responses.LoginResponse, GymAffiliate.Application, Version=1.0.0.0, Culture=neutral, PublicKeyToken=null]]'.
[2026-07-06 10:58:55 INF] Microsoft.AspNetCore.Mvc.Infrastructure.ControllerActionInvoker Executed action GymAffiliate.Api.Controllers.AuthController.Login (GymAffiliate.Api) in 152161.0716ms
[2026-07-06 10:58:55 INF] Microsoft.AspNetCore.Routing.EndpointMiddleware Executed endpoint 'GymAffiliate.Api.Controllers.AuthController.Login (GymAffiliate.Api)'
[2026-07-06 10:58:55 INF] Serilog.AspNetCore.RequestLoggingMiddleware HTTP POST /api/auth/login → 422 (152183.5ms)
[2026-07-06 10:58:55 INF] Microsoft.AspNetCore.Hosting.Diagnostics Request finished HTTP/2 POST https://localhost:7001/api/auth/login - 422 null application/json; charset=utf-8 152217.2946ms
[2026-07-06 11:01:23 INF]  GymAffiliate API lista. Swagger: https://localhost:xxxx/
[2026-07-06 11:01:24 INF] Microsoft.AspNetCore.DataProtection.KeyManagement.XmlKeyManager User profile is available. Using 'C:\Users\Miguel Angel\AppData\Local\ASP.NET\DataProtection-Keys' as key repository and Windows DPAPI to encrypt keys at rest.
[2026-07-06 11:01:24 INF] Microsoft.Hosting.Lifetime Now listening on: https://localhost:7001
[2026-07-06 11:01:25 INF] Microsoft.Hosting.Lifetime Now listening on: http://localhost:5001
[2026-07-06 11:01:25 INF] Microsoft.Hosting.Lifetime Application started. Press Ctrl+C to shut down.
[2026-07-06 11:01:26 INF] Microsoft.Hosting.Lifetime Hosting environment: Development
[2026-07-06 11:01:26 INF] Microsoft.Hosting.Lifetime Content root path: C:\Users\Miguel Angel\Documents\DesarrollosC#\GymAffiliate_API\GymAffiliate\src\Api
[2026-07-06 11:01:26 INF] Microsoft.AspNetCore.Hosting.Diagnostics Request starting HTTP/2 GET https://localhost:7001/index.html - null null
[2026-07-06 11:01:28 INF] Microsoft.AspNetCore.Hosting.Diagnostics Request finished HTTP/2 GET https://localhost:7001/index.html - 200 null text/html;charset=utf-8 1443.5864ms
[2026-07-06 11:01:28 INF] Microsoft.AspNetCore.Hosting.Diagnostics Request starting HTTP/2 GET https://localhost:7001/_vs/browserLink - null null
[2026-07-06 11:01:28 INF] Microsoft.AspNetCore.Hosting.Diagnostics Request starting HTTP/2 GET https://localhost:7001/_framework/aspnetcore-browser-refresh.js - null null
[2026-07-06 11:01:28 INF] Microsoft.AspNetCore.Hosting.Diagnostics Request finished HTTP/2 GET https://localhost:7001/_framework/aspnetcore-browser-refresh.js - 200 16517 application/javascript; charset=utf-8 244.1555ms
[2026-07-06 11:01:28 INF] Microsoft.AspNetCore.Hosting.Diagnostics Request finished HTTP/2 GET https://localhost:7001/_vs/browserLink - 200 null text/javascript; charset=UTF-8 379.5804ms
[2026-07-06 11:01:28 INF] Microsoft.AspNetCore.Hosting.Diagnostics Request starting HTTP/2 GET https://localhost:7001/swagger/v1/swagger.json - null null
[2026-07-06 11:01:28 INF] Microsoft.AspNetCore.Hosting.Diagnostics Request finished HTTP/2 GET https://localhost:7001/swagger/v1/swagger.json - 200 null application/json;charset=utf-8 73.9286ms
[2026-07-06 11:01:54 INF] Microsoft.AspNetCore.Hosting.Diagnostics Request starting HTTP/2 POST https://localhost:7001/api/auth/login - application/json 70
[2026-07-06 11:01:54 INF] Microsoft.AspNetCore.Cors.Infrastructure.CorsService CORS policy execution successful.
[2026-07-06 11:01:54 INF] Microsoft.AspNetCore.Routing.EndpointMiddleware Executing endpoint 'GymAffiliate.Api.Controllers.AuthController.Login (GymAffiliate.Api)'
[2026-07-06 11:01:54 INF] Microsoft.AspNetCore.Mvc.Infrastructure.ControllerActionInvoker Route matched with {action = "Login", controller = "Auth"}. Executing controller action with signature System.Threading.Tasks.Task`1[Microsoft.AspNetCore.Mvc.IActionResult] Login(GymAffiliate.Application.DTOs.Requests.LoginRequest, System.Threading.CancellationToken) on controller GymAffiliate.Api.Controllers.AuthController (GymAffiliate.Api).
[2026-07-06 11:01:54 INF] Microsoft.AspNetCore.Mvc.Infrastructure.ControllerActionInvoker Executing action method GymAffiliate.Api.Controllers.AuthController.Login (GymAffiliate.Api) - Validation state: "Valid"
[2026-07-06 11:02:20 INF] Microsoft.AspNetCore.Mvc.Infrastructure.ControllerActionInvoker Executed action method GymAffiliate.Api.Controllers.AuthController.Login (GymAffiliate.Api), returned result Microsoft.AspNetCore.Mvc.ObjectResult in 26350.4066ms.
[2026-07-06 11:02:20 INF] Microsoft.AspNetCore.Mvc.Infrastructure.ObjectResultExecutor Executing ObjectResult, writing value of type 'GymAffiliate.Shared.Result.ApiResponse`1[[GymAffiliate.Application.DTOs.Responses.LoginResponse, GymAffiliate.Application, Version=1.0.0.0, Culture=neutral, PublicKeyToken=null]]'.
[2026-07-06 11:02:20 INF] Microsoft.AspNetCore.Mvc.Infrastructure.ControllerActionInvoker Executed action GymAffiliate.Api.Controllers.AuthController.Login (GymAffiliate.Api) in 26617.2413ms
[2026-07-06 11:02:20 INF] Microsoft.AspNetCore.Routing.EndpointMiddleware Executed endpoint 'GymAffiliate.Api.Controllers.AuthController.Login (GymAffiliate.Api)'
[2026-07-06 11:02:20 INF] Serilog.AspNetCore.RequestLoggingMiddleware HTTP POST /api/auth/login → 401 (26754.2ms)
[2026-07-06 11:02:20 INF] Microsoft.AspNetCore.Hosting.Diagnostics Request finished HTTP/2 POST https://localhost:7001/api/auth/login - 401 null application/json; charset=utf-8 26788.3006ms
[2026-07-06 11:03:01 INF] Microsoft.AspNetCore.Hosting.Diagnostics Request starting HTTP/2 POST https://localhost:7001/api/auth/login - application/json 70
[2026-07-06 11:03:01 INF] Microsoft.AspNetCore.Cors.Infrastructure.CorsService CORS policy execution successful.
[2026-07-06 11:03:01 INF] Microsoft.AspNetCore.Routing.EndpointMiddleware Executing endpoint 'GymAffiliate.Api.Controllers.AuthController.Login (GymAffiliate.Api)'
[2026-07-06 11:03:01 INF] Microsoft.AspNetCore.Mvc.Infrastructure.ControllerActionInvoker Route matched with {action = "Login", controller = "Auth"}. Executing controller action with signature System.Threading.Tasks.Task`1[Microsoft.AspNetCore.Mvc.IActionResult] Login(GymAffiliate.Application.DTOs.Requests.LoginRequest, System.Threading.CancellationToken) on controller GymAffiliate.Api.Controllers.AuthController (GymAffiliate.Api).
[2026-07-06 11:03:01 INF] Microsoft.AspNetCore.Mvc.Infrastructure.ControllerActionInvoker Executing action method GymAffiliate.Api.Controllers.AuthController.Login (GymAffiliate.Api) - Validation state: "Valid"
[2026-07-06 11:09:53 INF] Microsoft.AspNetCore.Mvc.Infrastructure.ControllerActionInvoker Executed action method GymAffiliate.Api.Controllers.AuthController.Login (GymAffiliate.Api), returned result Microsoft.AspNetCore.Mvc.ObjectResult in 412432.6326ms.
[2026-07-06 11:09:53 INF] Microsoft.AspNetCore.Mvc.Infrastructure.ObjectResultExecutor Executing ObjectResult, writing value of type 'GymAffiliate.Shared.Result.ApiResponse`1[[GymAffiliate.Application.DTOs.Responses.LoginResponse, GymAffiliate.Application, Version=1.0.0.0, Culture=neutral, PublicKeyToken=null]]'.
[2026-07-06 11:09:53 INF] Microsoft.AspNetCore.Mvc.Infrastructure.ControllerActionInvoker Executed action GymAffiliate.Api.Controllers.AuthController.Login (GymAffiliate.Api) in 412484.3583ms
[2026-07-06 11:09:53 INF] Microsoft.AspNetCore.Routing.EndpointMiddleware Executed endpoint 'GymAffiliate.Api.Controllers.AuthController.Login (GymAffiliate.Api)'
[2026-07-06 11:09:53 INF] Serilog.AspNetCore.RequestLoggingMiddleware HTTP POST /api/auth/login → 401 (412500.8ms)
[2026-07-06 11:09:53 INF] Microsoft.AspNetCore.Hosting.Diagnostics Request finished HTTP/2 POST https://localhost:7001/api/auth/login - 401 null application/json; charset=utf-8 412528.4973ms
[2026-07-06 11:09:57 INF] Microsoft.AspNetCore.Hosting.Diagnostics Request starting HTTP/2 POST https://localhost:7001/api/auth/login - application/json 70
[2026-07-06 11:09:57 INF] Microsoft.AspNetCore.Cors.Infrastructure.CorsService CORS policy execution successful.
[2026-07-06 11:09:57 INF] Microsoft.AspNetCore.Routing.EndpointMiddleware Executing endpoint 'GymAffiliate.Api.Controllers.AuthController.Login (GymAffiliate.Api)'
[2026-07-06 11:09:57 INF] Microsoft.AspNetCore.Mvc.Infrastructure.ControllerActionInvoker Route matched with {action = "Login", controller = "Auth"}. Executing controller action with signature System.Threading.Tasks.Task`1[Microsoft.AspNetCore.Mvc.IActionResult] Login(GymAffiliate.Application.DTOs.Requests.LoginRequest, System.Threading.CancellationToken) on controller GymAffiliate.Api.Controllers.AuthController (GymAffiliate.Api).
[2026-07-06 11:09:57 INF] Microsoft.AspNetCore.Mvc.Infrastructure.ControllerActionInvoker Executing action method GymAffiliate.Api.Controllers.AuthController.Login (GymAffiliate.Api) - Validation state: "Valid"
[2026-07-06 11:10:41 INF]  GymAffiliate API lista. Swagger: https://localhost:xxxx/
[2026-07-06 11:10:41 INF] Microsoft.AspNetCore.DataProtection.KeyManagement.XmlKeyManager User profile is available. Using 'C:\Users\Miguel Angel\AppData\Local\ASP.NET\DataProtection-Keys' as key repository and Windows DPAPI to encrypt keys at rest.
[2026-07-06 11:10:42 INF] Microsoft.Hosting.Lifetime Now listening on: https://localhost:7001
[2026-07-06 11:10:42 INF] Microsoft.Hosting.Lifetime Now listening on: http://localhost:5001
[2026-07-06 11:10:42 INF] Microsoft.Hosting.Lifetime Application started. Press Ctrl+C to shut down.
[2026-07-06 11:10:42 INF] Microsoft.Hosting.Lifetime Hosting environment: Development
[2026-07-06 11:10:42 INF] Microsoft.Hosting.Lifetime Content root path: C:\Users\Miguel Angel\Documents\DesarrollosC#\GymAffiliate_API\GymAffiliate\src\Api
[2026-07-06 11:10:43 INF] Microsoft.AspNetCore.Hosting.Diagnostics Request starting HTTP/2 GET https://localhost:7001/index.html - null null
[2026-07-06 11:10:44 INF] Microsoft.AspNetCore.Hosting.Diagnostics Request finished HTTP/2 GET https://localhost:7001/index.html - 200 null text/html;charset=utf-8 804.6244ms
[2026-07-06 11:10:44 INF] Microsoft.AspNetCore.Hosting.Diagnostics Request starting HTTP/2 GET https://localhost:7001/_vs/browserLink - null null
[2026-07-06 11:10:44 INF] Microsoft.AspNetCore.Hosting.Diagnostics Request starting HTTP/2 GET https://localhost:7001/_framework/aspnetcore-browser-refresh.js - null null
[2026-07-06 11:10:44 INF] Microsoft.AspNetCore.Hosting.Diagnostics Request finished HTTP/2 GET https://localhost:7001/_framework/aspnetcore-browser-refresh.js - 200 16517 application/javascript; charset=utf-8 30.0492ms
[2026-07-06 11:10:44 INF] Microsoft.AspNetCore.Hosting.Diagnostics Request finished HTTP/2 GET https://localhost:7001/_vs/browserLink - 200 null text/javascript; charset=UTF-8 149.8412ms
[2026-07-06 11:10:44 INF] Microsoft.AspNetCore.Hosting.Diagnostics Request starting HTTP/2 GET https://localhost:7001/swagger/v1/swagger.json - null null
[2026-07-06 11:10:44 INF] Microsoft.AspNetCore.Hosting.Diagnostics Request finished HTTP/2 GET https://localhost:7001/swagger/v1/swagger.json - 200 null application/json;charset=utf-8 68.8038ms
[2026-07-06 11:10:59 INF] Microsoft.AspNetCore.Hosting.Diagnostics Request starting HTTP/2 POST https://localhost:7001/api/auth/login - application/json 70
[2026-07-06 11:10:59 INF] Microsoft.AspNetCore.Cors.Infrastructure.CorsService CORS policy execution successful.
[2026-07-06 11:10:59 INF] Microsoft.AspNetCore.Routing.EndpointMiddleware Executing endpoint 'GymAffiliate.Api.Controllers.AuthController.Login (GymAffiliate.Api)'
[2026-07-06 11:10:59 INF] Microsoft.AspNetCore.Mvc.Infrastructure.ControllerActionInvoker Route matched with {action = "Login", controller = "Auth"}. Executing controller action with signature System.Threading.Tasks.Task`1[Microsoft.AspNetCore.Mvc.IActionResult] Login(GymAffiliate.Application.DTOs.Requests.LoginRequest, System.Threading.CancellationToken) on controller GymAffiliate.Api.Controllers.AuthController (GymAffiliate.Api).
[2026-07-06 11:10:59 INF] Microsoft.AspNetCore.Mvc.Infrastructure.ControllerActionInvoker Executing action method GymAffiliate.Api.Controllers.AuthController.Login (GymAffiliate.Api) - Validation state: "Valid"
[2026-07-06 11:11:36 INF] GymAffiliate.Infrastructure.Persistence.Repositories.AuthRepository Login exitoso. Username=admin, UserId=1
[2026-07-06 11:11:36 INF] GymAffiliate.Application.UseCases.Auth.LoginHandler Login exitoso UserId=1 Role=SUPERADMIN
[2026-07-06 11:11:38 INF] Microsoft.AspNetCore.Mvc.Infrastructure.ControllerActionInvoker Executed action method GymAffiliate.Api.Controllers.AuthController.Login (GymAffiliate.Api), returned result Microsoft.AspNetCore.Mvc.OkObjectResult in 38884.44ms.
[2026-07-06 11:11:38 INF] Microsoft.AspNetCore.Mvc.Infrastructure.ObjectResultExecutor Executing OkObjectResult, writing value of type 'GymAffiliate.Shared.Result.ApiResponse`1[[GymAffiliate.Application.DTOs.Responses.LoginResponse, GymAffiliate.Application, Version=1.0.0.0, Culture=neutral, PublicKeyToken=null]]'.
[2026-07-06 11:11:38 INF] Microsoft.AspNetCore.Mvc.Infrastructure.ControllerActionInvoker Executed action GymAffiliate.Api.Controllers.AuthController.Login (GymAffiliate.Api) in 39098.0954ms
[2026-07-06 11:11:38 INF] Microsoft.AspNetCore.Routing.EndpointMiddleware Executed endpoint 'GymAffiliate.Api.Controllers.AuthController.Login (GymAffiliate.Api)'
[2026-07-06 11:11:38 INF] Serilog.AspNetCore.RequestLoggingMiddleware HTTP POST /api/auth/login → 200 (39240.2ms)
[2026-07-06 11:11:38 INF] Microsoft.AspNetCore.Hosting.Diagnostics Request finished HTTP/2 POST https://localhost:7001/api/auth/login - 200 null application/json; charset=utf-8 39264.9943ms
[2026-07-06 11:16:03 INF] Microsoft.AspNetCore.Hosting.Diagnostics Request starting HTTP/2 POST https://localhost:7001/api/auth/refresh - application/json 110
[2026-07-06 11:16:03 INF] Microsoft.AspNetCore.Cors.Infrastructure.CorsService CORS policy execution successful.
[2026-07-06 11:16:03 INF] Microsoft.AspNetCore.Routing.EndpointMiddleware Executing endpoint 'GymAffiliate.Api.Controllers.AuthController.Refresh (GymAffiliate.Api)'
[2026-07-06 11:16:03 INF] Microsoft.AspNetCore.Mvc.Infrastructure.ControllerActionInvoker Route matched with {action = "Refresh", controller = "Auth"}. Executing controller action with signature System.Threading.Tasks.Task`1[Microsoft.AspNetCore.Mvc.IActionResult] Refresh(GymAffiliate.Application.DTOs.Requests.RefreshTokenRequest, System.Threading.CancellationToken) on controller GymAffiliate.Api.Controllers.AuthController (GymAffiliate.Api).
[2026-07-06 11:16:03 INF] Microsoft.AspNetCore.Mvc.Infrastructure.ControllerActionInvoker Executing action method GymAffiliate.Api.Controllers.AuthController.Refresh (GymAffiliate.Api) - Validation state: "Valid"
[2026-07-06 11:16:04 INF] Microsoft.AspNetCore.Mvc.Infrastructure.ControllerActionInvoker Executed action method GymAffiliate.Api.Controllers.AuthController.Refresh (GymAffiliate.Api), returned result Microsoft.AspNetCore.Mvc.ObjectResult in 96.9765ms.
[2026-07-06 11:16:04 INF] Microsoft.AspNetCore.Mvc.Infrastructure.ObjectResultExecutor Executing ObjectResult, writing value of type 'GymAffiliate.Shared.Result.ApiResponse`1[[GymAffiliate.Application.DTOs.Responses.RefreshTokenResponse, GymAffiliate.Application, Version=1.0.0.0, Culture=neutral, PublicKeyToken=null]]'.
[2026-07-06 11:16:04 INF] Microsoft.AspNetCore.Mvc.Infrastructure.ControllerActionInvoker Executed action GymAffiliate.Api.Controllers.AuthController.Refresh (GymAffiliate.Api) in 133.4243ms
[2026-07-06 11:16:04 INF] Microsoft.AspNetCore.Routing.EndpointMiddleware Executed endpoint 'GymAffiliate.Api.Controllers.AuthController.Refresh (GymAffiliate.Api)'
[2026-07-06 11:16:04 INF] Serilog.AspNetCore.RequestLoggingMiddleware HTTP POST /api/auth/refresh → 401 (151.6ms)
[2026-07-06 11:16:04 INF] Microsoft.AspNetCore.Hosting.Diagnostics Request finished HTTP/2 POST https://localhost:7001/api/auth/refresh - 401 null application/json; charset=utf-8 170.0982ms
