[2026-05-29 13:06:25 INF]  GymAffiliate API lista. Swagger: https://localhost:xxxx/
[2026-05-29 13:06:25 INF] Microsoft.AspNetCore.DataProtection.KeyManagement.XmlKeyManager User profile is available. Using 'C:\Users\Miguel Angel\AppData\Local\ASP.NET\DataProtection-Keys' as key repository and Windows DPAPI to encrypt keys at rest.
[2026-05-29 13:06:26 INF] Microsoft.Hosting.Lifetime Now listening on: https://localhost:7001
[2026-05-29 13:06:26 INF] Microsoft.Hosting.Lifetime Now listening on: http://localhost:5001
[2026-05-29 13:06:27 INF] Microsoft.Hosting.Lifetime Application started. Press Ctrl+C to shut down.
[2026-05-29 13:06:27 INF] Microsoft.Hosting.Lifetime Hosting environment: Development
[2026-05-29 13:06:27 INF] Microsoft.Hosting.Lifetime Content root path: C:\Users\Miguel Angel\Documents\DesarrollosC#\GymAffiliate_API\GymAffiliate\src\Api
[2026-05-29 13:06:36 INF] Microsoft.AspNetCore.Hosting.Diagnostics Request starting HTTP/2 GET https://localhost:7001/ - null null
[2026-05-29 13:06:37 INF] Microsoft.AspNetCore.Hosting.Diagnostics Request finished HTTP/2 GET https://localhost:7001/ - 301 0 null 856.0914ms
[2026-05-29 13:06:37 INF] Microsoft.AspNetCore.Hosting.Diagnostics Request starting HTTP/2 GET https://localhost:7001/index.html - null null
[2026-05-29 13:06:37 INF] Microsoft.AspNetCore.Hosting.Diagnostics Request finished HTTP/2 GET https://localhost:7001/index.html - 200 null text/html;charset=utf-8 300.4838ms
[2026-05-29 13:06:37 INF] Microsoft.AspNetCore.Hosting.Diagnostics Request starting HTTP/2 GET https://localhost:7001/swagger-ui.css - null null
[2026-05-29 13:06:37 INF] Microsoft.AspNetCore.Hosting.Diagnostics Request starting HTTP/2 GET https://localhost:7001/swagger-ui-standalone-preset.js - null null
[2026-05-29 13:06:37 INF] Microsoft.AspNetCore.Hosting.Diagnostics Request starting HTTP/2 GET https://localhost:7001/swagger-ui-bundle.js - null null
[2026-05-29 13:06:37 INF] Microsoft.AspNetCore.StaticFiles.StaticFileMiddleware Sending file. Request path: '/swagger-ui-standalone-preset.js'. Physical path: 'N/A'
[2026-05-29 13:06:37 INF] Microsoft.AspNetCore.StaticFiles.StaticFileMiddleware Sending file. Request path: '/swagger-ui.css'. Physical path: 'N/A'
[2026-05-29 13:06:37 INF] Microsoft.AspNetCore.Hosting.Diagnostics Request finished HTTP/2 GET https://localhost:7001/swagger-ui-standalone-preset.js - 200 230280 text/javascript 235.8989ms
[2026-05-29 13:06:38 INF] Microsoft.AspNetCore.StaticFiles.StaticFileMiddleware Sending file. Request path: '/swagger-ui-bundle.js'. Physical path: 'N/A'
[2026-05-29 13:06:38 INF] Microsoft.AspNetCore.Hosting.Diagnostics Request starting HTTP/2 GET https://localhost:7001/_framework/aspnetcore-browser-refresh.js - null null
[2026-05-29 13:06:37 INF] Microsoft.AspNetCore.Hosting.Diagnostics Request finished HTTP/2 GET https://localhost:7001/swagger-ui.css - 200 152034 text/css 250.1943ms
[2026-05-29 13:06:38 INF] Microsoft.AspNetCore.Hosting.Diagnostics Request finished HTTP/2 GET https://localhost:7001/swagger-ui-bundle.js - 200 1456926 text/javascript 308.7425ms
[2026-05-29 13:06:38 INF] Microsoft.AspNetCore.Hosting.Diagnostics Request starting HTTP/2 GET https://localhost:7001/_vs/browserLink - null null
[2026-05-29 13:06:38 INF] Microsoft.AspNetCore.Hosting.Diagnostics Request finished HTTP/2 GET https://localhost:7001/_framework/aspnetcore-browser-refresh.js - 200 16517 application/javascript; charset=utf-8 55.421ms
[2026-05-29 13:06:38 INF] Microsoft.AspNetCore.Hosting.Diagnostics Request finished HTTP/2 GET https://localhost:7001/_vs/browserLink - 200 null text/javascript; charset=UTF-8 238.562ms
[2026-05-29 13:06:38 INF] Microsoft.AspNetCore.Hosting.Diagnostics Request starting HTTP/2 GET https://localhost:7001/swagger/v1/swagger.json - null null
[2026-05-29 13:06:38 INF] Microsoft.AspNetCore.Hosting.Diagnostics Request starting HTTP/2 GET https://localhost:7001/favicon-32x32.png - null null
[2026-05-29 13:06:38 INF] Microsoft.AspNetCore.Hosting.Diagnostics Request finished HTTP/2 GET https://localhost:7001/swagger/v1/swagger.json - 200 null application/json;charset=utf-8 73.0468ms
[2026-05-29 13:06:38 INF] Microsoft.AspNetCore.StaticFiles.StaticFileMiddleware Sending file. Request path: '/favicon-32x32.png'. Physical path: 'N/A'
[2026-05-29 13:06:38 INF] Microsoft.AspNetCore.Hosting.Diagnostics Request finished HTTP/2 GET https://localhost:7001/favicon-32x32.png - 200 628 image/png 57.0031ms
[2026-05-29 13:26:49 INF]  GymAffiliate API lista. Swagger: https://localhost:xxxx/
[2026-05-29 13:26:49 INF] Microsoft.AspNetCore.DataProtection.KeyManagement.XmlKeyManager User profile is available. Using 'C:\Users\Miguel Angel\AppData\Local\ASP.NET\DataProtection-Keys' as key repository and Windows DPAPI to encrypt keys at rest.
[2026-05-29 13:26:49 INF] Microsoft.Hosting.Lifetime Now listening on: https://localhost:7001
[2026-05-29 13:26:49 INF] Microsoft.Hosting.Lifetime Now listening on: http://localhost:5001
[2026-05-29 13:26:49 INF] Microsoft.Hosting.Lifetime Application started. Press Ctrl+C to shut down.
[2026-05-29 13:26:49 INF] Microsoft.Hosting.Lifetime Hosting environment: Development
[2026-05-29 13:26:49 INF] Microsoft.Hosting.Lifetime Content root path: C:\Users\Miguel Angel\Documents\DesarrollosC#\GymAffiliate_API\GymAffiliate\src\Api
[2026-05-29 13:26:50 INF] Microsoft.AspNetCore.Hosting.Diagnostics Request starting HTTP/2 GET https://localhost:7001/index.html - null null
[2026-05-29 13:26:51 INF] Microsoft.AspNetCore.Hosting.Diagnostics Request finished HTTP/2 GET https://localhost:7001/index.html - 200 null text/html;charset=utf-8 1381.1185ms
[2026-05-29 13:26:51 INF] Microsoft.AspNetCore.Hosting.Diagnostics Request starting HTTP/2 GET https://localhost:7001/_framework/aspnetcore-browser-refresh.js - null null
[2026-05-29 13:26:51 INF] Microsoft.AspNetCore.Hosting.Diagnostics Request starting HTTP/2 GET https://localhost:7001/_vs/browserLink - null null
[2026-05-29 13:26:51 INF] Microsoft.AspNetCore.Hosting.Diagnostics Request finished HTTP/2 GET https://localhost:7001/_framework/aspnetcore-browser-refresh.js - 200 16517 application/javascript; charset=utf-8 23.4256ms
[2026-05-29 13:26:52 INF] Microsoft.AspNetCore.Hosting.Diagnostics Request finished HTTP/2 GET https://localhost:7001/_vs/browserLink - 200 null text/javascript; charset=UTF-8 204.898ms
[2026-05-29 13:26:52 INF] Microsoft.AspNetCore.Hosting.Diagnostics Request starting HTTP/2 GET https://localhost:7001/swagger/v1/swagger.json - null null
[2026-05-29 13:26:52 INF] Microsoft.AspNetCore.Hosting.Diagnostics Request finished HTTP/2 GET https://localhost:7001/swagger/v1/swagger.json - 200 null application/json;charset=utf-8 216.5522ms
[2026-05-29 13:38:16 INF]  GymAffiliate API lista. Swagger: https://localhost:xxxx/
[2026-05-29 13:38:17 INF] Microsoft.AspNetCore.DataProtection.KeyManagement.XmlKeyManager User profile is available. Using 'C:\Users\Miguel Angel\AppData\Local\ASP.NET\DataProtection-Keys' as key repository and Windows DPAPI to encrypt keys at rest.
[2026-05-29 13:38:17 INF] Microsoft.Hosting.Lifetime Now listening on: https://localhost:7001
[2026-05-29 13:38:17 INF] Microsoft.Hosting.Lifetime Now listening on: http://localhost:5001
[2026-05-29 13:38:17 INF] Microsoft.Hosting.Lifetime Application started. Press Ctrl+C to shut down.
[2026-05-29 13:38:17 INF] Microsoft.Hosting.Lifetime Hosting environment: Development
[2026-05-29 13:38:17 INF] Microsoft.Hosting.Lifetime Content root path: C:\Users\Miguel Angel\Documents\DesarrollosC#\GymAffiliate_API\GymAffiliate\src\Api
[2026-05-29 13:38:18 INF] Microsoft.AspNetCore.Hosting.Diagnostics Request starting HTTP/2 GET https://localhost:7001/index.html - null null
[2026-05-29 13:38:19 INF] Microsoft.AspNetCore.Hosting.Diagnostics Request finished HTTP/2 GET https://localhost:7001/index.html - 200 null text/html;charset=utf-8 1017.4911ms
[2026-05-29 13:38:19 INF] Microsoft.AspNetCore.Hosting.Diagnostics Request starting HTTP/2 GET https://localhost:7001/_framework/aspnetcore-browser-refresh.js - null null
[2026-05-29 13:38:19 INF] Microsoft.AspNetCore.Hosting.Diagnostics Request finished HTTP/2 GET https://localhost:7001/_framework/aspnetcore-browser-refresh.js - 200 16517 application/javascript; charset=utf-8 49.5731ms
[2026-05-29 13:38:19 INF] Microsoft.AspNetCore.Hosting.Diagnostics Request starting HTTP/2 GET https://localhost:7001/_vs/browserLink - null null
[2026-05-29 13:38:19 INF] Microsoft.AspNetCore.Hosting.Diagnostics Request finished HTTP/2 GET https://localhost:7001/_vs/browserLink - 200 null text/javascript; charset=UTF-8 155.2275ms
[2026-05-29 13:38:19 INF] Microsoft.AspNetCore.Hosting.Diagnostics Request starting HTTP/2 GET https://localhost:7001/swagger/v1/swagger.json - null null
[2026-05-29 13:38:19 INF] Microsoft.AspNetCore.Hosting.Diagnostics Request finished HTTP/2 GET https://localhost:7001/swagger/v1/swagger.json - 200 null application/json;charset=utf-8 72.635ms
[2026-05-29 13:39:55 INF]  GymAffiliate API lista. Swagger: https://localhost:xxxx/
[2026-05-29 13:39:55 INF] Microsoft.AspNetCore.DataProtection.KeyManagement.XmlKeyManager User profile is available. Using 'C:\Users\Miguel Angel\AppData\Local\ASP.NET\DataProtection-Keys' as key repository and Windows DPAPI to encrypt keys at rest.
[2026-05-29 13:39:55 INF] Microsoft.Hosting.Lifetime Now listening on: https://localhost:7001
[2026-05-29 13:39:55 INF] Microsoft.Hosting.Lifetime Now listening on: http://localhost:5001
[2026-05-29 13:39:55 INF] Microsoft.Hosting.Lifetime Application started. Press Ctrl+C to shut down.
[2026-05-29 13:39:55 INF] Microsoft.Hosting.Lifetime Hosting environment: Development
[2026-05-29 13:39:55 INF] Microsoft.Hosting.Lifetime Content root path: C:\Users\Miguel Angel\Documents\DesarrollosC#\GymAffiliate_API\GymAffiliate\src\Api
[2026-05-29 13:39:56 INF] Microsoft.AspNetCore.Hosting.Diagnostics Request starting HTTP/2 GET https://localhost:7001/index.html - null null
[2026-05-29 13:39:56 INF] Microsoft.AspNetCore.Hosting.Diagnostics Request finished HTTP/2 GET https://localhost:7001/index.html - 200 null text/html;charset=utf-8 287.4947ms
[2026-05-29 13:39:56 INF] Microsoft.AspNetCore.Hosting.Diagnostics Request starting HTTP/2 GET https://localhost:7001/_framework/aspnetcore-browser-refresh.js - null null
[2026-05-29 13:39:56 INF] Microsoft.AspNetCore.Hosting.Diagnostics Request starting HTTP/2 GET https://localhost:7001/_vs/browserLink - null null
[2026-05-29 13:39:56 INF] Microsoft.AspNetCore.Hosting.Diagnostics Request finished HTTP/2 GET https://localhost:7001/_framework/aspnetcore-browser-refresh.js - 200 16517 application/javascript; charset=utf-8 10.5424ms
[2026-05-29 13:39:56 INF] Microsoft.AspNetCore.Hosting.Diagnostics Request finished HTTP/2 GET https://localhost:7001/_vs/browserLink - 200 null text/javascript; charset=UTF-8 43.299ms
[2026-05-29 13:39:56 INF] Microsoft.AspNetCore.Hosting.Diagnostics Request starting HTTP/2 GET https://localhost:7001/swagger/v1/swagger.json - null null
[2026-05-29 13:39:56 INF] Microsoft.AspNetCore.Hosting.Diagnostics Request finished HTTP/2 GET https://localhost:7001/swagger/v1/swagger.json - 200 null application/json;charset=utf-8 11.1127ms
