[2026-07-03 10:33:46 INF]  GymAffiliate API lista. Swagger: https://localhost:xxxx/
[2026-07-03 10:33:46 INF] Microsoft.AspNetCore.DataProtection.KeyManagement.XmlKeyManager User profile is available. Using 'C:\Users\Miguel Angel\AppData\Local\ASP.NET\DataProtection-Keys' as key repository and Windows DPAPI to encrypt keys at rest.
[2026-07-03 10:33:47 INF] Microsoft.Hosting.Lifetime Now listening on: https://localhost:7001
[2026-07-03 10:33:47 INF] Microsoft.Hosting.Lifetime Now listening on: http://localhost:5001
[2026-07-03 10:33:48 INF] Microsoft.Hosting.Lifetime Application started. Press Ctrl+C to shut down.
[2026-07-03 10:33:48 INF] Microsoft.Hosting.Lifetime Hosting environment: Development
[2026-07-03 10:33:48 INF] Microsoft.Hosting.Lifetime Content root path: C:\Users\Miguel Angel\Documents\DesarrollosC#\GymAffiliate_API\GymAffiliate\src\Api
[2026-07-03 10:33:51 INF] Microsoft.AspNetCore.Hosting.Diagnostics Request starting HTTP/2 GET https://localhost:7001/ - null null
[2026-07-03 10:33:52 INF] Microsoft.AspNetCore.Hosting.Diagnostics Request finished HTTP/2 GET https://localhost:7001/ - 301 0 null 836.4797ms
[2026-07-03 10:33:52 INF] Microsoft.AspNetCore.Hosting.Diagnostics Request starting HTTP/2 GET https://localhost:7001/index.html - null null
[2026-07-03 10:33:52 INF] Microsoft.AspNetCore.Hosting.Diagnostics Request finished HTTP/2 GET https://localhost:7001/index.html - 200 null text/html;charset=utf-8 341.6624ms
[2026-07-03 10:33:52 INF] Microsoft.AspNetCore.Hosting.Diagnostics Request starting HTTP/2 GET https://localhost:7001/swagger-ui.css - null null
[2026-07-03 10:33:52 INF] Microsoft.AspNetCore.Hosting.Diagnostics Request starting HTTP/2 GET https://localhost:7001/swagger-ui-bundle.js - null null
[2026-07-03 10:33:52 INF] Microsoft.AspNetCore.Hosting.Diagnostics Request starting HTTP/2 GET https://localhost:7001/_vs/browserLink - null null
[2026-07-03 10:33:52 INF] Microsoft.AspNetCore.Hosting.Diagnostics Request starting HTTP/2 GET https://localhost:7001/_framework/aspnetcore-browser-refresh.js - null null
[2026-07-03 10:33:52 INF] Microsoft.AspNetCore.StaticFiles.StaticFileMiddleware Sending file. Request path: '/swagger-ui.css'. Physical path: 'N/A'
[2026-07-03 10:33:52 INF] Microsoft.AspNetCore.Hosting.Diagnostics Request starting HTTP/2 GET https://localhost:7001/swagger-ui-standalone-preset.js - null null
[2026-07-03 10:33:52 INF] Microsoft.AspNetCore.Hosting.Diagnostics Request finished HTTP/2 GET https://localhost:7001/swagger-ui.css - 200 152034 text/css 277.8814ms
[2026-07-03 10:33:52 INF] Microsoft.AspNetCore.StaticFiles.StaticFileMiddleware Sending file. Request path: '/swagger-ui-standalone-preset.js'. Physical path: 'N/A'
[2026-07-03 10:33:52 INF] Microsoft.AspNetCore.Hosting.Diagnostics Request finished HTTP/2 GET https://localhost:7001/_framework/aspnetcore-browser-refresh.js - 200 16517 application/javascript; charset=utf-8 272.6934ms
[2026-07-03 10:33:52 INF] Microsoft.AspNetCore.Hosting.Diagnostics Request finished HTTP/2 GET https://localhost:7001/swagger-ui-standalone-preset.js - 200 230280 text/javascript 382.681ms
[2026-07-03 10:33:52 INF] Microsoft.AspNetCore.StaticFiles.StaticFileMiddleware Sending file. Request path: '/swagger-ui-bundle.js'. Physical path: 'N/A'
[2026-07-03 10:33:52 INF] Microsoft.AspNetCore.Hosting.Diagnostics Request finished HTTP/2 GET https://localhost:7001/swagger-ui-bundle.js - 200 1456926 text/javascript 460.1481ms
[2026-07-03 10:33:52 INF] Microsoft.AspNetCore.Hosting.Diagnostics Request finished HTTP/2 GET https://localhost:7001/_vs/browserLink - 200 null text/javascript; charset=UTF-8 459.3051ms
[2026-07-03 10:33:53 INF] Microsoft.AspNetCore.Hosting.Diagnostics Request starting HTTP/2 GET https://localhost:7001/swagger/v1/swagger.json - null null
[2026-07-03 10:33:53 INF] Microsoft.AspNetCore.Hosting.Diagnostics Request starting HTTP/2 GET https://localhost:7001/favicon-32x32.png - null null
[2026-07-03 10:33:53 INF] Microsoft.AspNetCore.StaticFiles.StaticFileMiddleware Sending file. Request path: '/favicon-32x32.png'. Physical path: 'N/A'
[2026-07-03 10:33:53 INF] Microsoft.AspNetCore.Hosting.Diagnostics Request finished HTTP/2 GET https://localhost:7001/favicon-32x32.png - 200 628 image/png 58.8023ms
[2026-07-03 10:33:53 INF] Microsoft.AspNetCore.Hosting.Diagnostics Request finished HTTP/2 GET https://localhost:7001/swagger/v1/swagger.json - 200 null application/json;charset=utf-8 125.7524ms
